Component: ARM Compiler 5.05 update 1 (build 106) Tool: armlink [4d0efa]

==============================================================================

Section Cross References

    delay.o(i.delay_init) refers to delay.o(.data) for fac_us
    delay.o(i.delay_ms) refers to delay.o(.data) for fac_ms
    delay.o(i.delay_us) refers to delay.o(.data) for fac_us
    sys.o(i.MYRCC_DeInit) refers to sys.o(i.MY_NVIC_SetVectorTable) for MY_NVIC_SetVectorTable
    sys.o(i.MY_NVIC_Init) refers to sys.o(i.MY_NVIC_PriorityGroupConfig) for MY_NVIC_PriorityGroupConfig
    sys.o(i.Stm32_Clock_Init) refers to sys.o(i.MYRCC_DeInit) for MYRCC_DeInit
    sys.o(i.Sys_Standby) refers to sys.o(i.WFI_SET) for WFI_SET
    usart.o(i.USART1_IRQHandler) refers (Special) to use_no_semi_2.o(.text) for __use_no_semihosting
    usart.o(i.USART1_IRQHandler) refers to usart.o(.data) for USART_RX_STA
    usart.o(i.USART1_IRQHandler) refers to usart.o(.bss) for USART_RX_BUF
    usart.o(i._sys_exit) refers (Special) to use_no_semi_2.o(.text) for __use_no_semihosting
    usart.o(i.fputc) refers (Special) to use_no_semi_2.o(.text) for __use_no_semihosting
    usart.o(i.uart_init) refers (Special) to use_no_semi_2.o(.text) for __use_no_semihosting
    usart.o(i.uart_init) refers to fflt_clz.o(x$fpl$ffltu) for __aeabi_ui2f
    usart.o(i.uart_init) refers to fdiv.o(x$fpl$fdiv) for __aeabi_fdiv
    usart.o(i.uart_init) refers to ffixu.o(x$fpl$ffixu) for __aeabi_f2uiz
    usart.o(i.uart_init) refers to faddsub_clz.o(x$fpl$frsb) for __aeabi_frsub
    usart.o(i.uart_init) refers to fmul.o(x$fpl$fmul) for __aeabi_fmul
    usart.o(i.uart_init) refers to sys.o(i.MY_NVIC_Init) for MY_NVIC_Init
    usart.o(.bss) refers (Special) to use_no_semi_2.o(.text) for __use_no_semihosting
    usart.o(.data) refers (Special) to use_no_semi_2.o(.text) for __use_no_semihosting
    test.o(i.main) refers to _printf_percent.o(.ARM.Collect$$_printf_percent$$00000000) for _printf_percent
    test.o(i.main) refers to _printf_f.o(.ARM.Collect$$_printf_percent$$00000003) for _printf_f
    test.o(i.main) refers to printf1.o(x$fpl$printf1) for _printf_fp_dec
    test.o(i.main) refers to rt_memclr_w.o(.text) for __aeabi_memclr4
    test.o(i.main) refers to sys.o(i.Stm32_Clock_Init) for Stm32_Clock_Init
    test.o(i.main) refers to delay.o(i.delay_init) for delay_init
    test.o(i.main) refers to car.o(i.Car_Init) for Car_Init
    test.o(i.main) refers to remote.o(i.Remote_Init) for Remote_Init
    test.o(i.main) refers to tb6612.o(i.Tb6612_Init) for Tb6612_Init
    test.o(i.main) refers to 88led.o(i.LED_Init) for LED_Init
    test.o(i.main) refers to echo.o(i.Echo_Init) for Echo_Init
    test.o(i.main) refers to buzzer.o(i.Buzzer_Init) for Buzzer_Init
    test.o(i.main) refers to tb6612.o(i.Tim4_Pwm_Init) for Tim4_Pwm_Init
    test.o(i.main) refers to timer.o(i.TIM3_Int_Init) for TIM3_Int_Init
    test.o(i.main) refers to echo.o(i.Tim2_Cap_Init) for Tim2_Cap_Init
    test.o(i.main) refers to usart.o(i.uart_init) for uart_init
    test.o(i.main) refers to hc06.o(i.USART2_Init) for USART2_Init
    test.o(i.main) refers to atof.o(i.atof) for atof
    test.o(i.main) refers to d2f.o(x$fpl$d2f) for __aeabi_d2f
    test.o(i.main) refers to f2d.o(x$fpl$f2d) for __aeabi_f2d
    test.o(i.main) refers to noretval__2printf.o(.text) for __2printf
    test.o(i.main) refers to frleqf.o(x$fpl$frleqf) for __aeabi_cfrcmple
    test.o(i.main) refers to car.o(i.GO_Left) for GO_Left
    test.o(i.main) refers to fleqf.o(x$fpl$fleqf) for __aeabi_cfcmple
    test.o(i.main) refers to car.o(i.GO_Right) for GO_Right
    test.o(i.main) refers to car.o(i.GO_Sharp) for GO_Sharp
    test.o(i.main) refers to car.o(i.GO_Back) for GO_Back
    test.o(i.main) refers to car.o(i.GO_Stop) for GO_Stop
    test.o(i.main) refers to hc06.o(.data) for USART2_RX_STA
    test.o(i.main) refers to hc06.o(.bss) for USART2_RX_BUF
    test.o(i.main) refers to car.o(.data) for car
    car.o(i.Car_Check) refers to car.o(i.GO_Right) for GO_Right
    car.o(i.Car_Check) refers to car.o(.data) for car
    car.o(i.Car_Init) refers to car.o(i.GO_Stop) for GO_Stop
    car.o(i.Car_Init) refers to car.o(.data) for car
    car.o(i.Car_Position_Pid) refers to _printf_percent.o(.ARM.Collect$$_printf_percent$$00000000) for _printf_percent
    car.o(i.Car_Position_Pid) refers to _printf_f.o(.ARM.Collect$$_printf_percent$$00000003) for _printf_f
    car.o(i.Car_Position_Pid) refers to printf1.o(x$fpl$printf1) for _printf_fp_dec
    car.o(i.Car_Position_Pid) refers to remote.o(i.Remote_Scan) for Remote_Scan
    car.o(i.Car_Position_Pid) refers to car.o(i.Car_Init) for Car_Init
    car.o(i.Car_Position_Pid) refers to delay.o(i.delay_us) for delay_us
    car.o(i.Car_Position_Pid) refers to dflt_clz.o(x$fpl$dfltu) for __aeabi_ui2d
    car.o(i.Car_Position_Pid) refers to dflt_clz.o(x$fpl$dflt) for __aeabi_i2d
    car.o(i.Car_Position_Pid) refers to daddsub_clz.o(x$fpl$dadd) for __aeabi_dadd
[...]
    ../clib/scanf.c                          0x00000000   Number         0  scanf_infnan.o ABSOLUTE
    ../clib/scanf.c                          0x00000000   Number         0  scanf_fp.o ABSOLUTE
    ../clib/scanf.c                          0x00000000   Number         0  _sgetc.o ABSOLUTE
    ../clib/scanf.c                          0x00000000   Number         0  strtod.o ABSOLUTE
    ../clib/scanf.c                          0x00000000   Number         0  _chval.o ABSOLUTE
    ../clib/signal.c                         0x00000000   Number         0  defsig_fpe_inner.o ABSOLUTE
    ../clib/signal.c                         0x00000000   Number         0  defsig_abrt_inner.o ABSOLUTE
    ../clib/signal.c                         0x00000000   Number         0  defsig_other.o ABSOLUTE
    ../clib/signal.c                         0x00000000   Number         0  defsig_segv_inner.o ABSOLUTE
    ../clib/signal.c                         0x00000000   Number         0  defsig_pvfn_inner.o ABSOLUTE
    ../clib/signal.c                         0x00000000   Number         0  defsig_stak_inner.o ABSOLUTE
    ../clib/signal.c                         0x00000000   Number         0  defsig_exit.o ABSOLUTE
    ../clib/signal.c                         0x00000000   Number         0  defsig_rtred_inner.o ABSOLUTE
    ../clib/signal.c                         0x00000000   Number         0  defsig_fpe_outer.o ABSOLUTE
    ../clib/signal.c                         0x00000000   Number         0  defsig_fpe_formal.o ABSOLUTE
    ../clib/signal.c                         0x00000000   Number         0  defsig_rtmem_outer.o ABSOLUTE
    ../clib/signal.c                         0x00000000   Number         0  defsig_rtmem_formal.o ABSOLUTE
    ../clib/signal.c                         0x00000000   Number         0  defsig_cppl_inner.o ABSOLUTE
    ../clib/signal.c                         0x00000000   Number         0  defsig_general.o ABSOLUTE
    ../clib/signal.c                         0x00000000   Number         0  __raise.o ABSOLUTE
    ../clib/signal.c                         0x00000000   Number         0  defsig_rtmem_inner.o ABSOLUTE
    ../clib/signal.s                         0x00000000   Number         0  defsig.o ABSOLUTE
    ../clib/stdio.c                          0x00000000   Number         0  ferror.o ABSOLUTE
    ../clib/stdio.c                          0x00000000   Number         0  ferror_locked.o ABSOLUTE
    ../clib/stdlib.c                         0x00000000   Number         0  exit.o ABSOLUTE
    ../clib/stdlib.c                         0x00000000   Number         0  rand.o ABSOLUTE
    ../clib/stdlib.c                         0x00000000   Number         0  rand.o ABSOLUTE
    ../clib/string.c                         0x00000000   Number         0  memcmp.o ABSOLUTE
    ../fplib/d2f.s                           0x00000000   Number         0  d2f.o ABSOLUTE
    ../fplib/daddsub.s                       0x00000000   Number         0  daddsub_clz.o ABSOLUTE
    ../fplib/dcheck1.s                       0x00000000   Number         0  dcheck1.o ABSOLUTE
    ../fplib/dcmpi.s                         0x00000000   Number         0  dcmpi.o ABSOLUTE
    ../fplib/ddiv.s                          0x00000000   Number         0  ddiv.o ABSOLUTE
    ../fplib/deqf.s                          0x00000000   Number         0  deqf.o ABSOLUTE
    ../fplib/dfixu.s                         0x00000000   Number         0  dfixu.o ABSOLUTE
    ../fplib/dflt.s                          0x00000000   Number         0  dflt_clz.o ABSOLUTE
    ../fplib/dleqf.s                         0x00000000   Number         0  dleqf.o ABSOLUTE
    ../fplib/dmul.s                          0x00000000   Number         0  dmul.o ABSOLUTE
    ../fplib/dnaninf.s                       0x00000000   Number         0  dnaninf.o ABSOLUTE
    ../fplib/dretinf.s                       0x00000000   Number         0  dretinf.o ABSOLUTE
    ../fplib/drleqf.s                        0x00000000   Number         0  drleqf.o ABSOLUTE
    ../fplib/dsqrt.s                         0x00000000   Number         0  dsqrt_noumaal.o ABSOLUTE
    ../fplib/f2d.s                           0x00000000   Number         0  f2d.o ABSOLUTE
    ../fplib/faddsub.s                       0x00000000   Number         0  faddsub_clz.o ABSOLUTE
    ../fplib/fcmpi.s                         0x00000000   Number         0  fcmpi.o ABSOLUTE
    ../fplib/fdiv.s                          0x00000000   Number         0  fdiv.o ABSOLUTE
    ../fplib/feqf.s                          0x00000000   Number         0  feqf.o ABSOLUTE
    ../fplib/ffix.s                          0x00000000   Number         0  ffix.o ABSOLUTE
    ../fplib/ffixu.s                         0x00000000   Number         0  ffixu.o ABSOLUTE
    ../fplib/fflt.s                          0x00000000   Number         0  fflt_clz.o ABSOLUTE
    ../fplib/fleqf.s                         0x00000000   Number         0  fleqf.o ABSOLUTE
    ../fplib/fmul.s                          0x00000000   Number         0  fmul.o ABSOLUTE
    ../fplib/fnaninf.s                       0x00000000   Number         0  fnaninf.o ABSOLUTE
    ../fplib/fpconst.s                       0x00000000   Number         0  fpconst.o ABSOLUTE
    ../fplib/fpinit.s                        0x00000000   Number         0  fpinit.o ABSOLUTE
    ../fplib/fretinf.s                       0x00000000   Number         0  fretinf.o ABSOLUTE
    ../fplib/frleqf.s                        0x00000000   Number         0  frleqf.o ABSOLUTE
    ../fplib/istatus.s                       0x00000000   Number         0  istatus.o ABSOLUTE
    ../fplib/printf1.s                       0x00000000   Number         0  printf1.o ABSOLUTE
    ../fplib/retnan.s                        0x00000000   Number         0  retnan.o ABSOLUTE
    ../fplib/scalbn.s                        0x00000000   Number         0  scalbn.o ABSOLUTE
    ../fplib/scanf1.s                        0x00000000   Number         0  scanf1.o ABSOLUTE
    ../fplib/scanf2.s                        0x00000000   Number         0  scanf2.o ABSOLUTE
    ../fplib/scanf2a.s                       0x00000000   Number         0  scanf2a.o ABSOLUTE
    ../fplib/scanf2b.s                       0x00000000   Number         0  scanf2b.o ABSOLUTE
    ../fplib/trapv.s                         0x00000000   Number         0  trapv.o ABSOLUTE
    ../fplib/usenofp.s                       0x00000000   Number         0  usenofp.o ABSOLUTE
    ../mathlib/asin.c                        0x00000000   Number         0  asin.o ABSOLUTE
    ../mathlib/asin.c                        0x00000000   Number         0  asin_x.o ABSOLUTE
    ../mathlib/atan.c                        0x00000000   Number         0  atan.o ABSOLUTE
    ../mathlib/atan.c                        0x00000000   Number         0  atan_x.o ABSOLUTE
    ../mathlib/atan2.c                       0x00000000   Number         0  atan2_x.o ABSOLUTE
    ../mathlib/atan2.c                       0x00000000   Number         0  atan2.o ABSOLUTE
    ../mathlib/atof.c                        0x00000000   Number         0  atof.o ABSOLUTE
    ../mathlib/dunder.c                      0x00000000   Number         0  dunder.o ABSOLUTE
    ../mathlib/fpclassify.c                  0x00000000   Number         0  fpclassify.o ABSOLUTE
    ../mathlib/frexp.c                       0x00000000   Number         0  frexp.o ABSOLUTE
    ../mathlib/ldexp.c                       0x00000000   Number         0  ldexp_x.o ABSOLUTE
    ../mathlib/ldexp.c                       0x00000000   Number         0  ldexp.o ABSOLUTE
    ../mathlib/narrow.c                      0x00000000   Number         0  narrow.o ABSOLUTE
    ../mathlib/poly.c                        0x00000000   Number         0  poly.o ABSOLUTE
    ../mathlib/qnan.c                        0x00000000   Number         0  qnan.o ABSOLUTE
    ../mathlib/sqrt.c                        0x00000000   Number         0  sqrt_x.o ABSOLUTE
    ../mathlib/sqrt.c                        0x00000000   Number         0  sqrt.o ABSOLUTE
    ..\HARDWARE\8x8led\88led.c               0x00000000   Number         0  88led.o ABSOLUTE
    ..\HARDWARE\dmp\inv_mpu.c                0x00000000   Number         0  inv_mpu.o ABSOLUTE
    ..\HARDWARE\dmp\inv_mpu_dmp_motion_driver.c 0x00000000   Number         0  inv_mpu_dmp_motion_driver.o ABSOLUTE
    ..\HARDWARE\echo\echo.c                  0x00000000   Number         0  echo.o ABSOLUTE
    ..\HARDWARE\hc06\hc06.c                  0x00000000   Number         0  hc06.o ABSOLUTE
    ..\HARDWARE\hongwai\hongwai.c            0x00000000   Number         0  hongwai.o ABSOLUTE
    ..\HARDWARE\iic\iic.c                    0x00000000   Number         0  iic.o ABSOLUTE
    ..\HARDWARE\mpu6050\mpu6050.c            0x00000000   Number         0  mpu6050.o ABSOLUTE
    ..\HARDWARE\pid\pid.c                    0x00000000   Number         0  pid.o ABSOLUTE
    ..\HARDWARE\remote\remote.c              0x00000000   Number         0  remote.o ABSOLUTE
    ..\HARDWARE\tb6612\tb6612.c              0x00000000   Number         0  tb6612.o ABSOLUTE
    ..\HARDWARE\timer\timer.c                0x00000000   Number         0  timer.o ABSOLUTE
    ..\HARDWARE\ubzzer\buzzer.c              0x00000000   Number         0  buzzer.o ABSOLUTE
    ..\SYSTEM\delay\delay.c                  0x00000000   Number         0  delay.o ABSOLUTE
    ..\SYSTEM\sys\sys.c                      0x00000000   Number         0  sys.o ABSOLUTE
    ..\SYSTEM\usart\usart.c                  0x00000000   Number         0  usart.o ABSOLUTE
    ..\\SYSTEM\\sys\\sys.c                   0x00000000   Number         0  sys.o ABSOLUTE
    RTE\Device\STM32F103RC\startup_stm32f10x_hd.s 0x00000000   Number         0  startup_stm32f10x_hd.o ABSOLUTE
    RTE\Device\STM32F103RC\system_stm32f10x.c 0x00000000   Number         0  system_stm32f10x.o ABSOLUTE
    car.c                                    0x00000000   Number         0  car.o ABSOLUTE
    dc.s                                     0x00000000   Number         0  dc.o ABSOLUTE
    test.c                                   0x00000000   Number         0  test.o ABSOLUTE
    RESET                                    0x08000000   Section      304  startup_stm32f10x_hd.o(RESET)
    !!!main                                  0x08000130   Section        8  __main.o(!!!main)
    !!!scatter                               0x08000138   Section       52  __scatter.o(!!!scatter)
    !!dczerorl2                              0x0800016c   Section       90  __dczerorl2.o(!!dczerorl2)
    !!handler_zi                             0x080001c8   Section       28  __scatter_zi.o(!!handler_zi)
    .ARM.Collect$$_printf_percent$$00000000  0x080001e4   Section        0  _printf_percent.o(.ARM.Collect$$_printf_percent$$00000000)
    .ARM.Collect$$_printf_percent$$00000003  0x080001e4   Section        6  _printf_f.o(.ARM.Collect$$_printf_percent$$00000003)
    .ARM.Collect$$_printf_percent$$00000017  0x080001ea   Section        4  _printf_percent_end.o(.ARM.Collect$$_printf_percent$$00000017)
    .ARM.Collect$$libinit$$00000000          0x080001ee   Section        2  libinit.o(.ARM.Collect$$libinit$$00000000)
    .ARM.Collect$$libinit$$00000002          0x080001f0   Section        0  libinit2.o(.ARM.Collect$$libinit$$00000002)
    .ARM.Collect$$libinit$$00000004          0x080001f0   Section        0  libinit2.o(.ARM.Collect$$libinit$$00000004)
    .ARM.Collect$$libinit$$0000000A          0x080001f0   Section        0  libinit2.o(.ARM.Collect$$libinit$$0000000A)
    .ARM.Collect$$libinit$$0000000C          0x080001f0   Section        0  libinit2.o(.ARM.Collect$$libinit$$0000000C)
    .ARM.Collect$$libinit$$0000000E          0x080001f0   Section        0  libinit2.o(.ARM.Collect$$libinit$$0000000E)
    .ARM.Collect$$libinit$$0000000F          0x080001f0   Section        6  libinit2.o(.ARM.Collect$$libinit$$0000000F)
    .ARM.Collect$$libinit$$00000011          0x080001f6   Section        0  libinit2.o(.ARM.Collect$$libinit$$00000011)
    .ARM.Collect$$libinit$$00000012          0x080001f6   Section       12  libinit2.o(.ARM.Collect$$libinit$$00000012)
    .ARM.Collect$$libinit$$00000013          0x08000202   Section        0  libinit2.o(.ARM.Collect$$libinit$$00000013)
    .ARM.Collect$$libinit$$00000015          0x08000202   Section        0  libinit2.o(.ARM.Collect$$libinit$$00000015)
    .ARM.Collect$$libinit$$00000016          0x08000202   Section       10  libinit2.o(.ARM.Collect$$libinit$$00000016)
    .ARM.Collect$$libinit$$00000017          0x0800020c   Section        0  libinit2.o(.ARM.Collect$$libinit$$00000017)
    .ARM.Collect$$libinit$$00000019          0x0800020c   Section        0  libinit2.o(.ARM.Collect$$libinit$$00000019)
    .ARM.Collect$$libinit$$0000001B          0x0800020c   Section        0  libinit2.o(.ARM.Collect$$libinit$$0000001B)
    .ARM.Collect$$libinit$$0000001D          0x0800020c   Section        0  libinit2.o(.ARM.Collect$$libinit$$0000001D)
    .ARM.Collect$$libinit$$0000001F          0x0800020c   Section        0  libinit2.o(.ARM.Collect$$libinit$$0000001F)
    .ARM.Collect$$libinit$$00000021          0x0800020c   Section        0  libinit2.o(.ARM.Collect$$libinit$$00000021)
    .ARM.Collect$$libinit$$00000023          0x0800020c   Section        0  libinit2.o(.ARM.Collect$$libinit$$00000023)
    .ARM.Collect$$libinit$$00000025          0x0800020c   Section        0  libinit2.o(.ARM.Collect$$libinit$$00000025)
    .ARM.Collect$$libinit$$0000002C          0x0800020c   Section        0  libinit2.o(.ARM.Collect$$libinit$$0000002C)
    .ARM.Collect$$libinit$$0000002E          0x0800020c   Section        0  libinit2.o(.ARM.Collect$$libinit$$0000002E)
    .ARM.Collect$$libinit$$00000030          0x0800020c   Section        0  libinit2.o(.ARM.Collect$$libinit$$00000030)
    .ARM.Collect$$libinit$$00000032          0x0800020c   Section        0  libinit2.o(.ARM.Collect$$libinit$$00000032)
    .ARM.Collect$$libinit$$00000033          0x0800020c   Section        2  libinit2.o(.ARM.Collect$$libinit$$00000033)
    .ARM.Collect$$libshutdown$$00000000      0x0800020e   Section        2  libshutdown.o(.ARM.Collect$$libshutdown$$00000000)
    .ARM.Collect$$libshutdown$$00000003      0x08000210   Section        0  libshutdown2.o(.ARM.Collect$$libshutdown$$00000003)
    .ARM.Collect$$libshutdown$$00000006      0x08000210   Section        0  libshutdown2.o(.ARM.Collect$$libshutdown$$00000006)
    .ARM.Collect$$libshutdown$$00000009      0x08000210   Section        0  libshutdown2.o(.ARM.Collect$$libshutdown$$00000009)
    .ARM.Collect$$libshutdown$$0000000B      0x08000210   Section        0  libshutdown2.o(.ARM.Collect$$libshutdown$$0000000B)
    .ARM.Collect$$libshutdown$$0000000E      0x08000210   Section        0  libshutdown2.o(.ARM.Collect$$libshutdown$$0000000E)
    .ARM.Collect$$libshutdown$$0000000F      0x08000210   Section        2  libshutdown2.o(.ARM.Collect$$libshutdown$$0000000F)
    .ARM.Collect$$rtentry$$00000000          0x08000212   Section        0  __rtentry.o(.ARM.Collect$$rtentry$$00000000)
    .ARM.Collect$$rtentry$$00000002          0x08000212   Section        0  __rtentry2.o(.ARM.Collect$$rtentry$$00000002)
    .ARM.Collect$$rtentry$$00000004          0x08000212   Section        6  __rtentry4.o(.ARM.Collect$$rtentry$$00000004)
    .ARM.Collect$$rtentry$$00000009          0x08000218   Section        0  __rtentry2.o(.ARM.Collect$$rtentry$$00000009)
    .ARM.Collect$$rtentry$$0000000A          0x08000218   Section        4  __rtentry2.o(.ARM.Collect$$rtentry$$0000000A)
    .ARM.Collect$$rtentry$$0000000C          0x0800021c   Section        0  __rtentry2.o(.ARM.Collect$$rtentry$$0000000C)
    .ARM.Collect$$rtentry$$0000000D          0x0800021c   Section        8  __rtentry2.o(.ARM.Collect$$rtentry$$0000000D)
    .ARM.Collect$$rtexit$$00000000           0x08000224   Section        2  rtexit.o(.ARM.Collect$$rtexit$$00000000)
    .ARM.Collect$$rtexit$$00000002           0x08000226   Section        0  rtexit2.o(.ARM.Collect$$rtexit$$00000002)
    .ARM.Collect$$rtexit$$00000003           0x08000226   Section        4  rtexit2.o(.ARM.Collect$$rtexit$$00000003)
    .ARM.Collect$$rtexit$$00000004           0x0800022a   Section        6  rtexit2.o(.ARM.Collect$$rtexit$$00000004)
    .text                                    0x08000230   Section       64  startup_stm32f10x_hd.o(.text)
    .text                                    0x08000270   Section        2  use_no_semi_2.o(.text)
    .text                                    0x08000274   Section        0  noretval__2printf.o(.text)
    .text                                    0x0800028c   Section        0  __printf_flags_wp.o(.text)
    .text                                    0x080003c4   Section       78  rt_memclr_w.o(.text)
    .text                                    0x08000412   Section        0  heapauxi.o(.text)
    .text                                    0x08000418   Section        2  use_no_semi.o(.text)
    .text                                    0x0800041a   Section        0  _rserrno.o(.text)
    .text                                    0x08000430   Section        0  _printf_fp_dec.o(.text)
    _fp_digits                               0x08000433   Thumb Code   428  _printf_fp_dec.o(.text)
    .text                                    0x0800084c   Section        0  _printf_char_file.o(.text)
    .text                                    0x08000870   Section        0  strtod.o(.text)
    _local_sscanf                            0x08000871   Thumb Code    60  strtod.o(.text)
    .text                                    0x08000910   Section        8  rt_locale_intlibspace.o(.text)
    .text                                    0x08000918   Section        8  rt_errno_addr_intlibspace.o(.text)
    .text                                    0x08000920   Section      138  lludiv10.o(.text)
    .text                                    0x080009aa   Section        0  isspace.o(.text)
    .text                                    0x080009bc   Section        0  _printf_char_common.o(.text)
    _printf_input_char                       0x080009bd   Thumb Code    10  _printf_char_common.o(.text)
    .text                                    0x080009ec   Section        0  _printf_fp_infnan.o(.text)
    .text                                    0x08000a6c   Section        0  _sgetc.o(.text)
    .text                                    0x08000aac   Section        0  bigflt0.o(.text)
    .text                                    0x08000b88   Section        0  ferror.o(.text)
    .text                                    0x08000b90   Section        8  libspace.o(.text)
    .text                                    0x08000b98   Section       74  sys_stackheap_outer.o(.text)
    .text                                    0x08000be4   Section       16  rt_ctype_table.o(.text)
    .text                                    0x08000bf4   Section        0  scanf_fp.o(.text)
    _fp_value                                0x08000bf5   Thumb Code   508  scanf_fp.o(.text)
    .text                                    0x08001098   Section        0  exit.o(.text)
    .text                                    0x080010a4   Section      128  strcmpv7m.o(.text)
    .text                                    0x08001124   Section        0  scanf_hexfp.o(.text)
    .text                                    0x0800143c   Section        0  scanf_infnan.o(.text)
    .text                                    0x08001570   Section       38  llshl.o(.text)
    .text                                    0x08001596   Section        0  _chval.o(.text)
    CL$$btod_d2e                             0x080015b2   Section       62  btod.o(CL$$btod_d2e)
    CL$$btod_d2e_denorm_low                  0x080015f0   Section       70  btod.o(CL$$btod_d2e_denorm_low)
    CL$$btod_d2e_norm_op1                    0x08001636   Section       96  btod.o(CL$$btod_d2e_norm_op1)
    CL$$btod_div_common                      0x08001696   Section      824  btod.o(CL$$btod_div_common)
    CL$$btod_e2d                             0x080019d0   Section       84  btod.o(CL$$btod_e2d)
    CL$$btod_e2e                             0x08001a24   Section      198  btod.o(CL$$btod_e2e)
    CL$$btod_ediv                            0x08001aea   Section       40  btod.o(CL$$btod_ediv)
    CL$$btod_edivd                           0x08001b12   Section       40  btod.o(CL$$btod_edivd)
    CL$$btod_emul                            0x08001b3a   Section       40  btod.o(CL$$btod_emul)
    CL$$btod_emuld                           0x08001b62   Section       40  btod.o(CL$$btod_emuld)
    CL$$btod_mult_common                     0x08001b8a   Section      580  btod.o(CL$$btod_mult_common)
    i.Buzzer_Init                            0x08001dd0   Section        0  buzzer.o(i.Buzzer_Init)
    i.Car_Init                               0x08001e08   Section        0  car.o(i.Car_Init)
    i.Echo_Init                              0x08001e40   Section        0  echo.o(i.Echo_Init)
    i.GO_Back                                0x08001e78   Section        0  car.o(i.GO_Back)
    i.GO_Left                                0x08001ea0   Section        0  car.o(i.GO_Left)
    i.GO_Right                               0x08001ec8   Section        0  car.o(i.GO_Right)
    i.GO_Sharp                               0x08001ef0   Section        0  car.o(i.GO_Sharp)
    i.GO_Stop                                0x08001f18   Section        0  car.o(i.GO_Stop)
    i.JTAG_Set                               0x08001f3c   Section        0  sys.o(i.JTAG_Set)
    i.LED_Init                               0x08001f6c   Section        0  88led.o(i.LED_Init)
    i.Led_Light                              0x080020b0   Section        0  88led.o(i.Led_Light)
    i.MYRCC_DeInit                           0x08002130   Section        0  sys.o(i.MYRCC_DeInit)
    i.MY_NVIC_Init                           0x08002198   Section        0  sys.o(i.MY_NVIC_Init)
    i.MY_NVIC_PriorityGroupConfig            0x08002210   Section        0  sys.o(i.MY_NVIC_PriorityGroupConfig)
    i.MY_NVIC_SetVectorTable                 0x08002238   Section        0  sys.o(i.MY_NVIC_SetVectorTable)
    i.Remote_Init                            0x0800224c   Section        0  remote.o(i.Remote_Init)
    i.SetSysClock                            0x08002314   Section        0  system_stm32f10x.o(i.SetSysClock)
    SetSysClock                              0x08002315   Thumb Code     8  system_stm32f10x.o(i.SetSysClock)
    i.SetSysClockTo72                        0x0800231c   Section        0  system_stm32f10x.o(i.SetSysClockTo72)
    SetSysClockTo72                          0x0800231d   Thumb Code   214  system_stm32f10x.o(i.SetSysClockTo72)
    i.Stm32_Clock_Init                       0x080023fc   Section        0  sys.o(i.Stm32_Clock_Init)
    i.SystemInit                             0x0800248c   Section        0  system_stm32f10x.o(i.SystemInit)
    i.TIM2_IRQHandler                        0x080024ec   Section        0  echo.o(i.TIM2_IRQHandler)
    i.TIM3_IRQHandler                        0x0800259c   Section        0  timer.o(i.TIM3_IRQHandler)
    i.TIM3_Int_Init                          0x08002670   Section        0  timer.o(i.TIM3_Int_Init)
    i.TIM5_IRQHandler                        0x080026c0   Section        0  remote.o(i.TIM5_IRQHandler)
    i.TIM6_IRQHandler                        0x08002858   Section        0  hc06.o(i.TIM6_IRQHandler)
    i.TIM6_Init                              0x08002890   Section        0  hc06.o(i.TIM6_Init)
    i.Tb6612_Init                            0x080028d4   Section        0  tb6612.o(i.Tb6612_Init)
    i.Tim2_Cap_Init                          0x08002948   Section        0  echo.o(i.Tim2_Cap_Init)
    i.Tim4_Pwm_Init                          0x080029d4   Section        0  tb6612.o(i.Tim4_Pwm_Init)
    i.USART1_IRQHandler                      0x08002a68   Section        0  usart.o(i.USART1_IRQHandler)
    i.USART2_IRQHandler                      0x08002aec   Section        0  hc06.o(i.USART2_IRQHandler)
    i.USART2_Init                            0x08002b4c   Section        0  hc06.o(i.USART2_Init)
    i.__ARM_fpclassify                       0x08002c08   Section        0  fpclassify.o(i.__ARM_fpclassify)
    i.__mathlib_dbl_overflow                 0x08002c30   Section        0  dunder.o(i.__mathlib_dbl_overflow)
    i.__mathlib_dbl_underflow                0x08002c40   Section        0  dunder.o(i.__mathlib_dbl_underflow)
    i.__mathlib_narrow                       0x08002c50   Section        0  narrow.o(i.__mathlib_narrow)
    i.__mathlib_tofloat                      0x08002c60   Section        0  narrow.o(i.__mathlib_tofloat)
    i.__support_ldexp                        0x08002ce8   Section        0  ldexp.o(i.__support_ldexp)
    i._is_digit                              0x08002cfe   Section        0  __printf_wp.o(i._is_digit)
    i._sys_exit                              0x08002d0c   Section        0  usart.o(i._sys_exit)
    i.atof                                   0x08002d12   Section        0  atof.o(i.atof)
    i.delay_init                             0x08002d3c   Section        0  delay.o(i.delay_init)
    i.fputc                                  0x08002d7c   Section        0  usart.o(i.fputc)
    i.frexp                                  0x08002d98   Section        0  frexp.o(i.frexp)
    i.ldexp                                  0x08002df0   Section        0  ldexp.o(i.ldexp)
    i.main                                   0x08002e64   Section        0  test.o(i.main)
    i.uart_init                              0x08003080   Section        0  usart.o(i.uart_init)
    locale$$code                             0x0800315c   Section       44  lc_numeric_c.o(locale$$code)
    locale$$code                             0x08003188   Section       44  lc_ctype_c.o(locale$$code)
    x$fpl$d2f                                0x080031b4   Section       98  d2f.o(x$fpl$d2f)
    x$fpl$dcheck1                            0x08003218   Section       16  dcheck1.o(x$fpl$dcheck1)
    x$fpl$dcmpinf                            0x08003228   Section       24  dcmpi.o(x$fpl$dcmpinf)
    x$fpl$deqf                               0x08003240   Section      120  deqf.o(x$fpl$deqf)
    x$fpl$dleqf                              0x080032b8   Section      120  dleqf.o(x$fpl$dleqf)
    x$fpl$dnaninf                            0x08003330   Section      156  dnaninf.o(x$fpl$dnaninf)
    x$fpl$dretinf                            0x080033cc   Section       12  dretinf.o(x$fpl$dretinf)
    x$fpl$drleqf                             0x080033d8   Section      108  drleqf.o(x$fpl$drleqf)
    x$fpl$f2d                                0x08003444   Section       86  f2d.o(x$fpl$f2d)
    x$fpl$fadd                               0x0800349c   Section      196  faddsub_clz.o(x$fpl$fadd)
    _fadd1                                   0x080034ab   Thumb Code     0  faddsub_clz.o(x$fpl$fadd)
    x$fpl$fcmpinf                            0x08003560   Section       24  fcmpi.o(x$fpl$fcmpinf)
    x$fpl$fdiv                               0x08003578   Section      388  fdiv.o(x$fpl$fdiv)
    _fdiv1                                   0x08003579   Thumb Code     0  fdiv.o(x$fpl$fdiv)
    x$fpl$ffixu                              0x080036fc   Section       62  ffixu.o(x$fpl$ffixu)
    x$fpl$ffltu                              0x0800373c   Section       38  fflt_clz.o(x$fpl$ffltu)
    x$fpl$fleqf                              0x08003764   Section      104  fleqf.o(x$fpl$fleqf)
    x$fpl$fmul                               0x080037cc   Section      258  fmul.o(x$fpl$fmul)
    x$fpl$fnaninf                            0x080038ce   Section      140  fnaninf.o(x$fpl$fnaninf)
    x$fpl$fretinf                            0x0800395a   Section       10  fretinf.o(x$fpl$fretinf)
    x$fpl$frleqf                             0x08003964   Section       98  frleqf.o(x$fpl$frleqf)
    x$fpl$frsb                               0x080039c6   Section       20  faddsub_clz.o(x$fpl$frsb)
    x$fpl$fsub                               0x080039dc   Section      234  faddsub_clz.o(x$fpl$fsub)
    _fsub1                                   0x080039eb   Thumb Code     0  faddsub_clz.o(x$fpl$fsub)
    x$fpl$printf1                            0x08003ac6   Section        4  printf1.o(x$fpl$printf1)
    x$fpl$retnan                             0x08003aca   Section      100  retnan.o(x$fpl$retnan)
    x$fpl$scalbn                             0x08003b2e   Section       92  scalbn.o(x$fpl$scalbn)
    x$fpl$scanf1                             0x08003b8a   Section        4  scanf1.o(x$fpl$scanf1)
    x$fpl$scanf2                             0x08003b8e   Section        8  scanf2.o(x$fpl$scanf2)
    x$fpl$trapveneer                         0x08003b96   Section       48  trapv.o(x$fpl$trapveneer)
    .constdata                               0x08003bc6   Section       17  __printf_flags_wp.o(.constdata)
    x$fpl$usenofp                            0x08003bc6   Section        0  usenofp.o(x$fpl$usenofp)
    maptable                                 0x08003bc6   Data          17  __printf_flags_wp.o(.constdata)
    .constdata                               0x08003bd8   Section      148  bigflt0.o(.constdata)
    tenpwrs_x                                0x08003bd8   Data          60  bigflt0.o(.constdata)
    tenpwrs_i                                0x08003c14   Data          64  bigflt0.o(.constdata)
    c$$dinf                                  0x08003c8c   Section        8  fpconst.o(c$$dinf)
    locale$$data                             0x08003c94   Section       28  lc_numeric_c.o(locale$$data)
    __lcnum_c_name                           0x08003c98   Data           2  lc_numeric_c.o(locale$$data)
    __lcnum_c_start                          0x08003ca0   Data           0  lc_numeric_c.o(locale$$data)
    __lcnum_c_point                          0x08003cac   Data           0  lc_numeric_c.o(locale$$data)
    __lcnum_c_thousands                      0x08003cae   Data           0  lc_numeric_c.o(locale$$data)
    __lcnum_c_grouping                       0x08003caf   Data           0  lc_numeric_c.o(locale$$data)
    locale$$data                             0x08003cb0   Section      272  lc_ctype_c.o(locale$$data)
    __lcnum_c_end                            0x08003cb0   Data           0  lc_numeric_c.o(locale$$data)
    __lcctype_c_name                         0x08003cb4   Data           2  lc_ctype_c.o(locale$$data)
    __lcctype_c_start                        0x08003cbc   Data           0  lc_ctype_c.o(locale$$data)
    __lcctype_c_end                          0x08003dc0   Data           0  lc_ctype_c.o(locale$$data)
    .data                                    0x20000000   Section        4  delay.o(.data)
    fac_us                                   0x20000000   Data           1  delay.o(.data)
    fac_ms                                   0x20000002   Data           2  delay.o(.data)
    .data                                    0x20000004   Section        6  usart.o(.data)
    .data                                    0x2000000a   Section        6  car.o(.data)
    .data                                    0x20000010   Section        2  hc06.o(.data)
    .data                                    0x20000014   Section      416  88led.o(.data)
    .data                                    0x200001b4   Section        4  echo.o(.data)
    .data                                    0x200001b8   Section        9  remote.o(.data)
    .data                                    0x200001c1   Section        1  timer.o(.data)
    j                                        0x200001c1   Data           1  timer.o(.data)
    .bss                                     0x200001c4   Section      200  usart.o(.bss)
    .bss                                     0x2000028c   Section      200  hc06.o(.bss)
    .bss                                     0x20000354   Section       96  libspace.o(.bss)
    HEAP                                     0x200003b8   Section      512  startup_stm32f10x_hd.o(HEAP)
    Heap_Mem                                 0x200003b8   Data         512  startup_stm32f10x_hd.o(HEAP)
    STACK                                    0x200005b8   Section     1024  startup_stm32f10x_hd.o(STACK)
    Stack_Mem                                0x200005b8   Data        1024  startup_stm32f10x_hd.o(STACK)
    __initial_sp                             0x200009b8   Data           0  startup_stm32f10x_hd.o(STACK)

    Global Symbols

    Symbol Name                              Value     Ov Type        Size  Object(Section)

    BuildAttributes$$THM_ISAv4$P$D$K$B$S$PE$A:L22UL41UL21$X:L11$S22US41US21$IEEE1$IW$USESV6$~STKCKD$USESV7$~SHL$OTIME$ROPI$IEEEX$EBA8$UX$STANDARDLIB$REQ8$PRES8$EABIv2 0x00000000   Number         0  anon$$obj.o ABSOLUTE
    __ARM_use_no_argv                        0x00000000   Number         0  test.o ABSOLUTE
    _printf_flags                            0x00000000   Number         0  printf_stubs.o ABSOLUTE
    _printf_return_value                     0x00000000   Number         0  printf_stubs.o ABSOLUTE
    _printf_sizespec                         0x00000000   Number         0  printf_stubs.o ABSOLUTE
    _printf_widthprec                        0x00000000   Number         0  printf_stubs.o ABSOLUTE
    __ARM_exceptions_init                     - Undefined Weak Reference
    __alloca_initialize                       - Undefined Weak Reference
    __arm_preinit_                            - Undefined Weak Reference
    __cpp_initialize__aeabi_                  - Undefined Weak Reference
    __cxa_finalize                            - Undefined Weak Reference
    __sigvec_lookup                           - Undefined Weak Reference
    _atexit_init                              - Undefined Weak Reference
    _call_atexit_fns                          - Undefined Weak Reference
    _clock_init                               - Undefined Weak Reference
    _fp_trap_init                             - Undefined Weak Reference
    _fp_trap_shutdown                         - Undefined Weak Reference
    _get_lc_collate                           - Undefined Weak Reference
    _get_lc_monetary                          - Undefined Weak Reference
    _get_lc_time                              - Undefined Weak Reference
    _getenv_init                              - Undefined Weak Reference
    _handle_redirection                       - Undefined Weak Reference
    _init_alloc                               - Undefined Weak Reference
    _init_user_alloc                          - Undefined Weak Reference
    _initio                                   - Undefined Weak Reference
    _mutex_acquire                            - Undefined Weak Reference
    _mutex_release                            - Undefined Weak Reference
    _printf_truncate_signed                   - Undefined Weak Reference
    _printf_truncate_unsigned                 - Undefined Weak Reference
    _signal_finish                            - Undefined Weak Reference
    _signal_init                              - Undefined Weak Reference
    _terminate_alloc                          - Undefined Weak Reference
    _terminate_user_alloc                     - Undefined Weak Reference
    _terminateio                              - Undefined Weak Reference
    __Vectors_Size                           0x00000130   Number         0  startup_stm32f10x_hd.o ABSOLUTE
    __Vectors                                0x08000000   Data           4  startup_stm32f10x_hd.o(RESET)
    __Vectors_End                            0x08000130   Data           0  startup_stm32f10x_hd.o(RESET)
    __main                                   0x08000131   Thumb Code     8  __main.o(!!!main)
    __scatterload                            0x08000139   Thumb Code     0  __scatter.o(!!!scatter)
    __scatterload_rt2                        0x08000139   Thumb Code    44  __scatter.o(!!!scatter)
    __scatterload_rt2_thumb_only             0x08000139   Thumb Code     0  __scatter.o(!!!scatter)
    __scatterload_null                       0x08000147   Thumb Code     0  __scatter.o(!!!scatter)
    __decompress                             0x0800016d   Thumb Code    90  __dczerorl2.o(!!dczerorl2)
    __decompress1                            0x0800016d   Thumb Code     0  __dczerorl2.o(!!dczerorl2)
    __scatterload_zeroinit                   0x080001c9   Thumb Code    28  __scatter_zi.o(!!handler_zi)
    _printf_f                                0x080001e5   Thumb Code     0  _printf_f.o(.ARM.Collect$$_printf_percent$$00000003)
    _printf_percent                          0x080001e5   Thumb Code     0  _printf_percent.o(.ARM.Collect$$_printf_percent$$00000000)
    _printf_percent_end                      0x080001eb   Thumb Code     0  _printf_percent_end.o(.ARM.Collect$$_printf_percent$$00000017)
    __rt_lib_init                            0x080001ef   Thumb Code     0  libinit.o(.ARM.Collect$$libinit$$00000000)
    __rt_lib_init_fp_1                       0x080001f1   Thumb Code     0  libinit2.o(.ARM.Collect$$libinit$$00000002)
    __rt_lib_init_heap_1                     0x080001f1   Thumb Code     0  libinit2.o(.ARM.Collect$$libinit$$0000000A)
    __rt_lib_init_lc_common                  0x080001f1   Thumb Code     0  libinit2.o(.ARM.Collect$$libinit$$0000000F)
    __rt_lib_init_preinit_1                  0x080001f1   Thumb Code     0  libinit2.o(.ARM.Collect$$libinit$$00000004)
    __rt_lib_init_rand_1                     0x080001f1   Thumb Code     0  libinit2.o(.ARM.Collect$$libinit$$0000000E)
    __rt_lib_init_user_alloc_1               0x080001f1   Thumb Code     0  libinit2.o(.ARM.Collect$$libinit$$0000000C)
    __rt_lib_init_lc_collate_1               0x080001f7   Thumb Code     0  libinit2.o(.ARM.Collect$$libinit$$00000011)
    __rt_lib_init_lc_ctype_2                 0x080001f7   Thumb Code     0  libinit2.o(.ARM.Collect$$libinit$$00000012)
    __rt_lib_init_lc_ctype_1                 0x08000203   Thumb Code     0  libinit2.o(.ARM.Collect$$libinit$$00000013)
    __rt_lib_init_lc_monetary_1              0x08000203   Thumb Code     0  libinit2.o(.ARM.Collect$$libinit$$00000015)
    __rt_lib_init_lc_numeric_2               0x08000203   Thumb Code     0  libinit2.o(.ARM.Collect$$libinit$$00000016)
    __rt_lib_init_alloca_1                   0x0800020d   Thumb Code     0  libinit2.o(.ARM.Collect$$libinit$$0000002E)
    __rt_lib_init_argv_1                     0x0800020d   Thumb Code     0  libinit2.o(.ARM.Collect$$libinit$$0000002C)
    __rt_lib_init_atexit_1                   0x0800020d   Thumb Code     0  libinit2.o(.ARM.Collect$$libinit$$0000001B)
    __rt_lib_init_clock_1                    0x0800020d   Thumb Code     0  libinit2.o(.ARM.Collect$$libinit$$00000021)
    __rt_lib_init_cpp_1                      0x0800020d   Thumb Code     0  libinit2.o(.ARM.Collect$$libinit$$00000032)
    __rt_lib_init_exceptions_1               0x0800020d   Thumb Code     0  libinit2.o(.ARM.Collect$$libinit$$00000030)
    __rt_lib_init_fp_trap_1                  0x0800020d   Thumb Code     0  libinit2.o(.ARM.Collect$$libinit$$0000001F)
    __rt_lib_init_getenv_1                   0x0800020d   Thumb Code     0  libinit2.o(.ARM.Collect$$libinit$$00000023)
    __rt_lib_init_lc_numeric_1               0x0800020d   Thumb Code     0  libinit2.o(.ARM.Collect$$libinit$$00000017)
    __rt_lib_init_lc_time_1                  0x0800020d   Thumb Code     0  libinit2.o(.ARM.Collect$$libinit$$00000019)
    __rt_lib_init_return                     0x0800020d   Thumb Code     0  libinit2.o(.ARM.Collect$$libinit$$00000033)
    __rt_lib_init_signal_1                   0x0800020d   Thumb Code     0  libinit2.o(.ARM.Collect$$libinit$$0000001D)
    __rt_lib_init_stdio_1                    0x0800020d   Thumb Code     0  libinit2.o(.ARM.Collect$$libinit$$00000025)
    __rt_lib_shutdown                        0x0800020f   Thumb Code     0  libshutdown.o(.ARM.Collect$$libshutdown$$00000000)
    __rt_lib_shutdown_fp_trap_1              0x08000211   Thumb Code     0  libshutdown2.o(.ARM.Collect$$libshutdown$$00000006)
    __rt_lib_shutdown_heap_1                 0x08000211   Thumb Code     0  libshutdown2.o(.ARM.Collect$$libshutdown$$0000000E)
    __rt_lib_shutdown_return                 0x08000211   Thumb Code     0  libshutdown2.o(.ARM.Collect$$libshutdown$$0000000F)
    __rt_lib_shutdown_signal_1               0x08000211   Thumb Code     0  libshutdown2.o(.ARM.Collect$$libshutdown$$00000009)
    __rt_lib_shutdown_stdio_1                0x08000211   Thumb Code     0  libshutdown2.o(.ARM.Collect$$libshutdown$$00000003)
    __rt_lib_shutdown_user_alloc_1           0x08000211   Thumb Code     0  libshutdown2.o(.ARM.Collect$$libshutdown$$0000000B)
    __rt_entry                               0x08000213   Thumb Code     0  __rtentry.o(.ARM.Collect$$rtentry$$00000000)
    __rt_entry_presh_1                       0x08000213   Thumb Code     0  __rtentry2.o(.ARM.Collect$$rtentry$$00000002)
    __rt_entry_sh                            0x08000213   Thumb Code     0  __rtentry4.o(.ARM.Collect$$rtentry$$00000004)
    __rt_entry_li                            0x08000219   Thumb Code     0  __rtentry2.o(.ARM.Collect$$rtentry$$0000000A)
    __rt_entry_postsh_1                      0x08000219   Thumb Code     0  __rtentry2.o(.ARM.Collect$$rtentry$$00000009)
    __rt_entry_main                          0x0800021d   Thumb Code     0  __rtentry2.o(.ARM.Collect$$rtentry$$0000000D)
    __rt_entry_postli_1                      0x0800021d   Thumb Code     0  __rtentry2.o(.ARM.Collect$$rtentry$$0000000C)
    __rt_exit                                0x08000225   Thumb Code     0  rtexit.o(.ARM.Collect$$rtexit$$00000000)
    __rt_exit_ls                             0x08000227   Thumb Code     0  rtexit2.o(.ARM.Collect$$rtexit$$00000003)
    __rt_exit_prels_1                        0x08000227   Thumb Code     0  rtexit2.o(.ARM.Collect$$rtexit$$00000002)
    __rt_exit_exit                           0x0800022b   Thumb Code     0  rtexit2.o(.ARM.Collect$$rtexit$$00000004)
    Reset_Handler                            0x08000231   Thumb Code     8  startup_stm32f10x_hd.o(.text)
    NMI_Handler                              0x08000239   Thumb Code     2  startup_stm32f10x_hd.o(.text)
    HardFault_Handler                        0x0800023b   Thumb Code     2  startup_stm32f10x_hd.o(.text)
    MemManage_Handler                        0x0800023d   Thumb Code     2  startup_stm32f10x_hd.o(.text)
    BusFault_Handler                         0x0800023f   Thumb Code     2  startup_stm32f10x_hd.o(.text)
    UsageFault_Handler                       0x08000241   Thumb Code     2  startup_stm32f10x_hd.o(.text)
    SVC_Handler                              0x08000243   Thumb Code     2  startup_stm32f10x_hd.o(.text)
    DebugMon_Handler                         0x08000245   Thumb Code     2  startup_stm32f10x_hd.o(.text)
    PendSV_Handler                           0x08000247   Thumb Code     2  startup_stm32f10x_hd.o(.text)
    SysTick_Handler                          0x08000249   Thumb Code     2  startup_stm32f10x_hd.o(.text)
    ADC1_2_IRQHandler                        0x0800024b   Thumb Code     0  startup_stm32f10x_hd.o(.text)
    ADC3_IRQHandler                          0x0800024b   Thumb Code     0  startup_stm32f10x_hd.o(.text)
    CAN1_RX1_IRQHandler                      0x0800024b   Thumb Code     0  startup_stm32f10x_hd.o(.text)
    CAN1_SCE_IRQHandler                      0x0800024b   Thumb Code     0  startup_stm32f10x_hd.o(.text)
    DMA1_Channel1_IRQHandler                 0x0800024b   Thumb Code     0  startup_stm32f10x_hd.o(.text)
    DMA1_Channel2_IRQHandler                 0x0800024b   Thumb Code     0  startup_stm32f10x_hd.o(.text)
    DMA1_Channel3_IRQHandler                 0x0800024b   Thumb Code     0  startup_stm32f10x_hd.o(.text)
    DMA1_Channel4_IRQHandler                 0x0800024b   Thumb Code     0  startup_stm32f10x_hd.o(.text)
    DMA1_Channel5_IRQHandler                 0x0800024b   Thumb Code     0  startup_stm32f10x_hd.o(.text)
    DMA1_Channel6_IRQHandler                 0x0800024b   Thumb Code     0  startup_stm32f10x_hd.o(.text)
    DMA1_Channel7_IRQHandler                 0x0800024b   Thumb Code     0  startup_stm32f10x_hd.o(.text)
    DMA2_Channel1_IRQHandler                 0x0800024b   Thumb Code     0  startup_stm32f10x_hd.o(.text)
    DMA2_Channel2_IRQHandler                 0x0800024b   Thumb Code     0  startup_stm32f10x_hd.o(.text)
    DMA2_Channel3_IRQHandler                 0x0800024b   Thumb Code     0  startup_stm32f10x_hd.o(.text)
    DMA2_Channel4_5_IRQHandler               0x0800024b   Thumb Code     0  startup_stm32f10x_hd.o(.text)
    EXTI0_IRQHandler                         0x0800024b   Thumb Code     0  startup_stm32f10x_hd.o(.text)
    EXTI15_10_IRQHandler                     0x0800024b   Thumb Code     0  startup_stm32f10x_hd.o(.text)
    EXTI1_IRQHandler                         0x0800024b   Thumb Code     0  startup_stm32f10x_hd.o(.text)
    EXTI2_IRQHandler                         0x0800024b   Thumb Code     0  startup_stm32f10x_hd.o(.text)
    EXTI3_IRQHandler                         0x0800024b   Thumb Code     0  startup_stm32f10x_hd.o(.text)
    EXTI4_IRQHandler                         0x0800024b   Thumb Code     0  startup_stm32f10x_hd.o(.text)
    EXTI9_5_IRQHandler                       0x0800024b   Thumb Code     0  startup_stm32f10x_hd.o(.text)
    FLASH_IRQHandler                         0x0800024b   Thumb Code     0  startup_stm32f10x_hd.o(.text)
    FSMC_IRQHandler                          0x0800024b   Thumb Code     0  startup_stm32f10x_hd.o(.text)
    I2C1_ER_IRQHandler                       0x0800024b   Thumb Code     0  startup_stm32f10x_hd.o(.text)
    I2C1_EV_IRQHandler                       0x0800024b   Thumb Code     0  startup_stm32f10x_hd.o(.text)
    I2C2_ER_IRQHandler                       0x0800024b   Thumb Code     0  startup_stm32f10x_hd.o(.text)
    I2C2_EV_IRQHandler                       0x0800024b   Thumb Code     0  startup_stm32f10x_hd.o(.text)
    PVD_IRQHandler                           0x0800024b   Thumb Code     0  startup_stm32f10x_hd.o(.text)
    RCC_IRQHandler                           0x0800024b   Thumb Code     0  startup_stm32f10x_hd.o(.text)
    RTCAlarm_IRQHandler                      0x0800024b   Thumb Code     0  startup_stm32f10x_hd.o(.text)
    RTC_IRQHandler                           0x0800024b   Thumb Code     0  startup_stm32f10x_hd.o(.text)
    SDIO_IRQHandler                          0x0800024b   Thumb Code     0  startup_stm32f10x_hd.o(.text)
    SPI1_IRQHandler                          0x0800024b   Thumb Code     0  startup_stm32f10x_hd.o(.text)
    SPI2_IRQHandler                          0x0800024b   Thumb Code     0  startup_stm32f10x_hd.o(.text)
    SPI3_IRQHandler                          0x0800024b   Thumb Code     0  startup_stm32f10x_hd.o(.text)
    TAMPER_IRQHandler                        0x0800024b   Thumb Code     0  startup_stm32f10x_hd.o(.text)
    TIM1_BRK_IRQHandler                      0x0800024b   Thumb Code     0  startup_stm32f10x_hd.o(.text)
    TIM1_CC_IRQHandler                       0x0800024b   Thumb Code     0  startup_stm32f10x_hd.o(.text)
    TIM1_TRG_COM_IRQHandler                  0x0800024b   Thumb Code     0  startup_stm32f10x_hd.o(.text)
    TIM1_UP_IRQHandler                       0x0800024b   Thumb Code     0  startup_stm32f10x_hd.o(.text)
    TIM4_IRQHandler                          0x0800024b   Thumb Code     0  startup_stm32f10x_hd.o(.text)
    TIM7_IRQHandler                          0x0800024b   Thumb Code     0  startup_stm32f10x_hd.o(.text)
    TIM8_BRK_IRQHandler                      0x0800024b   Thumb Code     0  startup_stm32f10x_hd.o(.text)
    TIM8_CC_IRQHandler                       0x0800024b   Thumb Code     0  startup_stm32f10x_hd.o(.text)
    TIM8_TRG_COM_IRQHandler                  0x0800024b   Thumb Code     0  startup_stm32f10x_hd.o(.text)
    TIM8_UP_IRQHandler                       0x0800024b   Thumb Code     0  startup_stm32f10x_hd.o(.text)
    UART4_IRQHandler                         0x0800024b   Thumb Code     0  startup_stm32f10x_hd.o(.text)
    UART5_IRQHandler                         0x0800024b   Thumb Code     0  startup_stm32f10x_hd.o(.text)
    USART3_IRQHandler                        0x0800024b   Thumb Code     0  startup_stm32f10x_hd.o(.text)
    USBWakeUp_IRQHandler                     0x0800024b   Thumb Code     0  startup_stm32f10x_hd.o(.text)
    USB_HP_CAN1_TX_IRQHandler                0x0800024b   Thumb Code     0  startup_stm32f10x_hd.o(.text)
    USB_LP_CAN1_RX0_IRQHandler               0x0800024b   Thumb Code     0  startup_stm32f10x_hd.o(.text)
    WWDG_IRQHandler                          0x0800024b   Thumb Code     0  startup_stm32f10x_hd.o(.text)
    __user_initial_stackheap                 0x0800024d   Thumb Code     0  startup_stm32f10x_hd.o(.text)
    __use_no_semihosting                     0x08000271   Thumb Code     2  use_no_semi_2.o(.text)
    __2printf                                0x08000275   Thumb Code    20  noretval__2printf.o(.text)
    __printf                                 0x0800028d   Thumb Code   308  __printf_flags_wp.o(.text)
    __aeabi_memclr4                          0x080003c5   Thumb Code     0  rt_memclr_w.o(.text)
    __aeabi_memclr8                          0x080003c5   Thumb Code     0  rt_memclr_w.o(.text)
    __rt_memclr_w                            0x080003c5   Thumb Code    78  rt_memclr_w.o(.text)
    _memset_w                                0x080003c9   Thumb Code     0  rt_memclr_w.o(.text)
    __use_two_region_memory                  0x08000413   Thumb Code     2  heapauxi.o(.text)
    __rt_heap_escrow$2region                 0x08000415   Thumb Code     2  heapauxi.o(.text)
    __rt_heap_expand$2region                 0x08000417   Thumb Code     2  heapauxi.o(.text)
    __I$use$semihosting                      0x08000419   Thumb Code     0  use_no_semi.o(.text)
    __use_no_semihosting_swi                 0x08000419   Thumb Code     2  use_no_semi.o(.text)
    __read_errno                             0x0800041b   Thumb Code    10  _rserrno.o(.text)
    __set_errno                              0x08000425   Thumb Code    12  _rserrno.o(.text)
    __lib_sel_fp_printf                      0x08000431   Thumb Code     2  _printf_fp_dec.o(.text)
    _printf_fp_dec_real                      0x080005df   Thumb Code   620  _printf_fp_dec.o(.text)
    _printf_char_file                        0x0800084d   Thumb Code    32  _printf_char_file.o(.text)
    __strtod_int                             0x080008ad   Thumb Code    88  strtod.o(.text)
    __rt_locale                              0x08000911   Thumb Code     8  rt_locale_intlibspace.o(.text)
    __aeabi_errno_addr                       0x08000919   Thumb Code     8  rt_errno_addr_intlibspace.o(.text)
    __errno$intlibspace                      0x08000919   Thumb Code     0  rt_errno_addr_intlibspace.o(.text)
    __rt_errno_addr$intlibspace              0x08000919   Thumb Code     0  rt_errno_addr_intlibspace.o(.text)
    _ll_udiv10                               0x08000921   Thumb Code   138  lludiv10.o(.text)
    isspace                                  0x080009ab   Thumb Code    18  isspace.o(.text)
    _printf_char_common                      0x080009c7   Thumb Code    32  _printf_char_common.o(.text)
    _printf_fp_infnan                        0x080009ed   Thumb Code   112  _printf_fp_infnan.o(.text)
    _sgetc                                   0x08000a6d   Thumb Code    30  _sgetc.o(.text)
    _sbackspace                              0x08000a8b   Thumb Code    34  _sgetc.o(.text)
    _btod_etento                             0x08000aad   Thumb Code   216  bigflt0.o(.text)
    ferror                                   0x08000b89   Thumb Code     8  ferror.o(.text)
    __user_libspace                          0x08000b91   Thumb Code     8  libspace.o(.text)
    __user_perproc_libspace                  0x08000b91   Thumb Code     0  libspace.o(.text)
    __user_perthread_libspace                0x08000b91   Thumb Code     0  libspace.o(.text)
    __user_setup_stackheap                   0x08000b99   Thumb Code    74  sys_stackheap_outer.o(.text)
    __rt_ctype_table                         0x08000be5   Thumb Code    16  rt_ctype_table.o(.text)
    _scanf_really_real                       0x08000df1   Thumb Code   668  scanf_fp.o(.text)
    exit                                     0x08001099   Thumb Code    12  exit.o(.text)
    strcmp                                   0x080010a5   Thumb Code   128  strcmpv7m.o(.text)
    _scanf_really_hex_real                   0x08001125   Thumb Code   778  scanf_hexfp.o(.text)
    _scanf_really_infnan                     0x0800143d   Thumb Code   292  scanf_infnan.o(.text)
    __aeabi_llsl                             0x08001571   Thumb Code     0  llshl.o(.text)
    _ll_shift_l                              0x08001571   Thumb Code    38  llshl.o(.text)
    _chval                                   0x08001597   Thumb Code    28  _chval.o(.text)
    _btod_d2e                                0x080015b3   Thumb Code    62  btod.o(CL$$btod_d2e)
    _d2e_denorm_low                          0x080015f1   Thumb Code    70  btod.o(CL$$btod_d2e_denorm_low)
    _d2e_norm_op1                            0x08001637   Thumb Code    96  btod.o(CL$$btod_d2e_norm_op1)
    __btod_div_common                        0x08001697   Thumb Code   696  btod.o(CL$$btod_div_common)
    _e2d                                     0x080019d1   Thumb Code    80  btod.o(CL$$btod_e2d)
    _e2e                                     0x08001a25   Thumb Code   198  btod.o(CL$$btod_e2e)
    _btod_ediv                               0x08001aeb   Thumb Code    40  btod.o(CL$$btod_ediv)
    _btod_edivd                              0x08001b13   Thumb Code    40  btod.o(CL$$btod_edivd)
    _btod_emul                               0x08001b3b   Thumb Code    40  btod.o(CL$$btod_emul)
    _btod_emuld                              0x08001b63   Thumb Code    40  btod.o(CL$$btod_emuld)
    __btod_mult_common                       0x08001b8b   Thumb Code   580  btod.o(CL$$btod_mult_common)
    Buzzer_Init                              0x08001dd1   Thumb Code    42  buzzer.o(i.Buzzer_Init)
    Car_Init                                 0x08001e09   Thumb Code    42  car.o(i.Car_Init)
    Echo_Init                                0x08001e41   Thumb Code    42  echo.o(i.Echo_Init)
    GO_Back                                  0x08001e79   Thumb Code    32  car.o(i.GO_Back)
    GO_Left                                  0x08001ea1   Thumb Code    30  car.o(i.GO_Left)
    GO_Right                                 0x08001ec9   Thumb Code    30  car.o(i.GO_Right)
    GO_Sharp                                 0x08001ef1   Thumb Code    32  car.o(i.GO_Sharp)
    GO_Stop                                  0x08001f19   Thumb Code    26  car.o(i.GO_Stop)
    JTAG_Set                                 0x08001f3d   Thumb Code    38  sys.o(i.JTAG_Set)
    LED_Init                                 0x08001f6d   Thumb Code   264  88led.o(i.LED_Init)
    Led_Light                                0x080020b1   Thumb Code   116  88led.o(i.Led_Light)
    MYRCC_DeInit                             0x08002131   Thumb Code    90  sys.o(i.MYRCC_DeInit)
    MY_NVIC_Init                             0x08002199   Thumb Code   116  sys.o(i.MY_NVIC_Init)
    MY_NVIC_PriorityGroupConfig              0x08002211   Thumb Code    32  sys.o(i.MY_NVIC_PriorityGroupConfig)
    MY_NVIC_SetVectorTable                   0x08002239   Thumb Code    12  sys.o(i.MY_NVIC_SetVectorTable)
    Remote_Init                              0x0800224d   Thumb Code   186  remote.o(i.Remote_Init)
    Stm32_Clock_Init                         0x080023fd   Thumb Code   134  sys.o(i.Stm32_Clock_Init)
    SystemInit                               0x0800248d   Thumb Code    78  system_stm32f10x.o(i.SystemInit)
    TIM2_IRQHandler                          0x080024ed   Thumb Code   168  echo.o(i.TIM2_IRQHandler)
    TIM3_IRQHandler                          0x0800259d   Thumb Code   182  timer.o(i.TIM3_IRQHandler)
    TIM3_Int_Init                            0x08002671   Thumb Code    72  timer.o(i.TIM3_Int_Init)
    TIM5_IRQHandler                          0x080026c1   Thumb Code   382  remote.o(i.TIM5_IRQHandler)
    TIM6_IRQHandler                          0x08002859   Thumb Code    46  hc06.o(i.TIM6_IRQHandler)
    TIM6_Init                                0x08002891   Thumb Code    58  hc06.o(i.TIM6_Init)
    Tb6612_Init                              0x080028d5   Thumb Code    94  tb6612.o(i.Tb6612_Init)
    Tim2_Cap_Init                            0x08002949   Thumb Code   130  echo.o(i.Tim2_Cap_Init)
    Tim4_Pwm_Init                            0x080029d5   Thumb Code   134  tb6612.o(i.Tim4_Pwm_Init)
    USART1_IRQHandler                        0x08002a69   Thumb Code   118  usart.o(i.USART1_IRQHandler)
    USART2_IRQHandler                        0x08002aed   Thumb Code    80  hc06.o(i.USART2_IRQHandler)
    USART2_Init                              0x08002b4d   Thumb Code   162  hc06.o(i.USART2_Init)
    __ARM_fpclassify                         0x08002c09   Thumb Code    40  fpclassify.o(i.__ARM_fpclassify)
    __mathlib_dbl_overflow                   0x08002c31   Thumb Code    14  dunder.o(i.__mathlib_dbl_overflow)
    __mathlib_dbl_underflow                  0x08002c41   Thumb Code    10  dunder.o(i.__mathlib_dbl_underflow)
    __mathlib_narrow                         0x08002c51   Thumb Code    16  narrow.o(i.__mathlib_narrow)
    __mathlib_tofloat                        0x08002c61   Thumb Code   132  narrow.o(i.__mathlib_tofloat)
    __support_ldexp                          0x08002ce9   Thumb Code    22  ldexp.o(i.__support_ldexp)
    _is_digit                                0x08002cff   Thumb Code    14  __printf_wp.o(i._is_digit)
    _sys_exit                                0x08002d0d   Thumb Code     6  usart.o(i._sys_exit)
    atof                                     0x08002d13   Thumb Code    42  atof.o(i.atof)
    delay_init                               0x08002d3d   Thumb Code    56  delay.o(i.delay_init)
    fputc                                    0x08002d7d   Thumb Code    24  usart.o(i.fputc)
    frexp                                    0x08002d99   Thumb Code    80  frexp.o(i.frexp)
    ldexp                                    0x08002df1   Thumb Code   116  ldexp.o(i.ldexp)
    main                                     0x08002e65   Thumb Code   478  test.o(i.main)
    uart_init                                0x08003081   Thumb Code   202  usart.o(i.uart_init)
    _get_lc_numeric                          0x0800315d   Thumb Code    44  lc_numeric_c.o(locale$$code)
    _get_lc_ctype                            0x08003189   Thumb Code    44  lc_ctype_c.o(locale$$code)
    __aeabi_d2f                              0x080031b5   Thumb Code     0  d2f.o(x$fpl$d2f)
    _d2f                                     0x080031b5   Thumb Code    98  d2f.o(x$fpl$d2f)
    __fpl_dcheck_NaN1                        0x08003219   Thumb Code    10  dcheck1.o(x$fpl$dcheck1)
    __fpl_dcmp_Inf                           0x08003229   Thumb Code    24  dcmpi.o(x$fpl$dcmpinf)
    __aeabi_cdcmpeq                          0x08003241   Thumb Code     0  deqf.o(x$fpl$deqf)
    _dcmpeq                                  0x08003241   Thumb Code   120  deqf.o(x$fpl$deqf)
    __aeabi_cdcmple                          0x080032b9   Thumb Code     0  dleqf.o(x$fpl$dleqf)
    _dcmple                                  0x080032b9   Thumb Code   120  dleqf.o(x$fpl$dleqf)
    __fpl_dcmple_InfNaN                      0x0800331b   Thumb Code     0  dleqf.o(x$fpl$dleqf)
    __fpl_dnaninf                            0x08003331   Thumb Code   156  dnaninf.o(x$fpl$dnaninf)
    __fpl_dretinf                            0x080033cd   Thumb Code    12  dretinf.o(x$fpl$dretinf)
    __aeabi_cdrcmple                         0x080033d9   Thumb Code     0  drleqf.o(x$fpl$drleqf)
    _drcmple                                 0x080033d9   Thumb Code   108  drleqf.o(x$fpl$drleqf)
    __aeabi_f2d                              0x08003445   Thumb Code     0  f2d.o(x$fpl$f2d)
    _f2d                                     0x08003445   Thumb Code    86  f2d.o(x$fpl$f2d)
    __aeabi_fadd                             0x0800349d   Thumb Code     0  faddsub_clz.o(x$fpl$fadd)
    _fadd                                    0x0800349d   Thumb Code   196  faddsub_clz.o(x$fpl$fadd)
    __fpl_fcmp_Inf                           0x08003561   Thumb Code    24  fcmpi.o(x$fpl$fcmpinf)
    __aeabi_fdiv                             0x08003579   Thumb Code     0  fdiv.o(x$fpl$fdiv)
    _fdiv                                    0x08003579   Thumb Code   384  fdiv.o(x$fpl$fdiv)
    __aeabi_f2uiz                            0x080036fd   Thumb Code     0  ffixu.o(x$fpl$ffixu)
    _ffixu                                   0x080036fd   Thumb Code    62  ffixu.o(x$fpl$ffixu)
    __aeabi_ui2f                             0x0800373d   Thumb Code     0  fflt_clz.o(x$fpl$ffltu)
    _ffltu                                   0x0800373d   Thumb Code    38  fflt_clz.o(x$fpl$ffltu)
    __aeabi_cfcmple                          0x08003765   Thumb Code     0  fleqf.o(x$fpl$fleqf)
    _fcmple                                  0x08003765   Thumb Code   104  fleqf.o(x$fpl$fleqf)
    __fpl_fcmple_InfNaN                      0x080037b7   Thumb Code     0  fleqf.o(x$fpl$fleqf)
    __aeabi_fmul                             0x080037cd   Thumb Code     0  fmul.o(x$fpl$fmul)
    _fmul                                    0x080037cd   Thumb Code   258  fmul.o(x$fpl$fmul)
    __fpl_fnaninf                            0x080038cf   Thumb Code   140  fnaninf.o(x$fpl$fnaninf)
    __fpl_fretinf                            0x0800395b   Thumb Code    10  fretinf.o(x$fpl$fretinf)
    __aeabi_cfrcmple                         0x08003965   Thumb Code     0  frleqf.o(x$fpl$frleqf)
    _frcmple                                 0x08003965   Thumb Code    98  frleqf.o(x$fpl$frleqf)
    __aeabi_frsub                            0x080039c7   Thumb Code     0  faddsub_clz.o(x$fpl$frsb)
    _frsb                                    0x080039c7   Thumb Code    20  faddsub_clz.o(x$fpl$frsb)
    __aeabi_fsub                             0x080039dd   Thumb Code     0  faddsub_clz.o(x$fpl$fsub)
    _fsub                                    0x080039dd   Thumb Code   234  faddsub_clz.o(x$fpl$fsub)
    _printf_fp_dec                           0x08003ac7   Thumb Code     4  printf1.o(x$fpl$printf1)
    __fpl_return_NaN                         0x08003acb   Thumb Code   100  retnan.o(x$fpl$retnan)
    __ARM_scalbn                             0x08003b2f   Thumb Code    92  scalbn.o(x$fpl$scalbn)
    _scanf_real                              0x08003b8b   Thumb Code     4  scanf1.o(x$fpl$scanf1)
    _scanf_hex_real                          0x08003b8f   Thumb Code     4  scanf2.o(x$fpl$scanf2)
    _scanf_infnan                            0x08003b93   Thumb Code     4  scanf2.o(x$fpl$scanf2)
    __fpl_cmpreturn                          0x08003b97   Thumb Code    48  trapv.o(x$fpl$trapveneer)
    __I$use$fp                               0x08003bc6   Number         0  usenofp.o(x$fpl$usenofp)
    Region$$Table$$Base                      0x08003c6c   Number         0  anon$$obj.o(Region$$Table)
    Region$$Table$$Limit                     0x08003c8c   Number         0  anon$$obj.o(Region$$Table)
    __aeabi_HUGE_VAL                         0x08003c8c   Data           0  fpconst.o(c$$dinf)
    __aeabi_HUGE_VALL                        0x08003c8c   Data           0  fpconst.o(c$$dinf)
    __aeabi_INFINITY                         0x08003c8c   Data           0  fpconst.o(c$$dinf)
    __dInf                                   0x08003c8c   Data           0  fpconst.o(c$$dinf)
    __huge_val                               0x08003c8c   Data           0  fpconst.o(c$$dinf)
    __ctype                                  0x08003cbd   Data           0  lc_ctype_c.o(locale$$data)
    __stdout                                 0x20000004   Data           4  usart.o(.data)
    USART_RX_STA                             0x20000008   Data           2  usart.o(.data)
    car                                      0x2000000a   Data           6  car.o(.data)
    USART2_RX_STA                            0x20000010   Data           2  hc06.o(.data)
    led                                      0x20000014   Data          32  88led.o(.data)
    line                                     0x20000034   Data          32  88led.o(.data)
    picture                                  0x20000054   Data         352  88led.o(.data)
    TIM2_CAP_VAL                             0x200001b4   Data           2  echo.o(.data)
    TIM2_CAP_STA                             0x200001b6   Data           2  echo.o(.data)
    RmtSta                                   0x200001b8   Data           1  remote.o(.data)
    Dval                                     0x200001ba   Data           2  remote.o(.data)
    RmtRec                                   0x200001bc   Data           4  remote.o(.data)
    RmtCnt                                   0x200001c0   Data           1  remote.o(.data)
    USART_RX_BUF                             0x200001c4   Data         200  usart.o(.bss)
    USART2_RX_BUF                            0x2000028c   Data         200  hc06.o(.bss)
    __libspace_start                         0x20000354   Data          96  libspace.o(.bss)
    __temporary_stack_top$libspace           0x200003b4   Data           0  libspace.o(.bss)



==============================================================================

Memory Map of the image

  Image Entry point : 0x08000131

  Load Region LR_IROM1 (Base: 0x08000000, Size: 0x00003f84, Max: 0x00040000, ABSOLUTE, COMPRESSED[0x00003e2c])

    Execution Region ER_IROM1 (Base: 0x08000000, Size: 0x00003dc0, Max: 0x00040000, ABSOLUTE)

    Base Addr    Size         Type   Attr      Idx    E Section Name        Object

    0x08000000   0x00000130   Data   RO         1163    RESET               startup_stm32f10x_hd.o
    0x08000130   0x00000008   Code   RO         1276  * !!!main             c_w.l(__main.o)
    0x08000138   0x00000034   Code   RO         1711    !!!scatter          c_w.l(__scatter.o)
    0x0800016c   0x0000005a   Code   RO         1709    !!dczerorl2         c_w.l(__dczerorl2.o)
    0x080001c6   0x00000002   PAD
    0x080001c8   0x0000001c   Code   RO         1713    !!handler_zi        c_w.l(__scatter_zi.o)
    0x080001e4   0x00000000   Code   RO         1262    .ARM.Collect$$_printf_percent$$00000000  c_w.l(_printf_percent.o)
    0x080001e4   0x00000006   Code   RO         1261    .ARM.Collect$$_printf_percent$$00000003  c_w.l(_printf_f.o)
    0x080001ea   0x00000004   Code   RO         1377    .ARM.Collect$$_printf_percent$$00000017  c_w.l(_printf_percent_end.o)
    0x080001ee   0x00000002   Code   RO         1588    .ARM.Collect$$libinit$$00000000  c_w.l(libinit.o)
    0x080001f0   0x00000000   Code   RO         1383    .ARM.Collect$$libinit$$00000002  c_w.l(libinit2.o)
    0x080001f0   0x00000000   Code   RO         1385    .ARM.Collect$$libinit$$00000004  c_w.l(libinit2.o)
    0x080001f0   0x00000000   Code   RO         1388    .ARM.Collect$$libinit$$0000000A  c_w.l(libinit2.o)
    0x080001f0   0x00000000   Code   RO         1390    .ARM.Collect$$libinit$$0000000C  c_w.l(libinit2.o)
    0x080001f0   0x00000000   Code   RO         1392    .ARM.Collect$$libinit$$0000000E  c_w.l(libinit2.o)
    0x080001f0   0x00000006   Code   RO         1393    .ARM.Collect$$libinit$$0000000F  c_w.l(libinit2.o)
    0x080001f6   0x00000000   Code   RO         1395    .ARM.Collect$$libinit$$00000011  c_w.l(libinit2.o)
    0x080001f6   0x0000000c   Code   RO         1396    .ARM.Collect$$libinit$$00000012  c_w.l(libinit2.o)
    0x08000202   0x00000000   Code   RO         1397    .ARM.Collect$$libinit$$00000013  c_w.l(libinit2.o)
    0x08000202   0x00000000   Code   RO         1399    .ARM.Collect$$libinit$$00000015  c_w.l(libinit2.o)
    0x08000202   0x0000000a   Code   RO         1400    .ARM.Collect$$libinit$$00000016  c_w.l(libinit2.o)
    0x0800020c   0x00000000   Code   RO         1401    .ARM.Collect$$libinit$$00000017  c_w.l(libinit2.o)
    0x0800020c   0x00000000   Code   RO         1403    .ARM.Collect$$libinit$$00000019  c_w.l(libinit2.o)
    0x0800020c   0x00000000   Code   RO         1405    .ARM.Collect$$libinit$$0000001B  c_w.l(libinit2.o)
    0x0800020c   0x00000000   Code   RO         1407    .ARM.Collect$$libinit$$0000001D  c_w.l(libinit2.o)
    0x0800020c   0x00000000   Code   RO         1409    .ARM.Collect$$libinit$$0000001F  c_w.l(libinit2.o)
    0x0800020c   0x00000000   Code   RO         1411    .ARM.Collect$$libinit$$00000021  c_w.l(libinit2.o)
    0x0800020c   0x00000000   Code   RO         1413    .ARM.Collect$$libinit$$00000023  c_w.l(libinit2.o)
    0x0800020c   0x00000000   Code   RO         1415    .ARM.Collect$$libinit$$00000025  c_w.l(libinit2.o)
    0x0800020c   0x00000000   Code   RO         1419    .ARM.Collect$$libinit$$0000002C  c_w.l(libinit2.o)
    0x0800020c   0x00000000   Code   RO         1421    .ARM.Collect$$libinit$$0000002E  c_w.l(libinit2.o)
    0x0800020c   0x00000000   Code   RO         1423    .ARM.Collect$$libinit$$00000030  c_w.l(libinit2.o)
    0x0800020c   0x00000000   Code   RO         1425    .ARM.Collect$$libinit$$00000032  c_w.l(libinit2.o)
    0x0800020c   0x00000002   Code   RO         1426    .ARM.Collect$$libinit$$00000033  c_w.l(libinit2.o)
    0x0800020e   0x00000002   Code   RO         1661    .ARM.Collect$$libshutdown$$00000000  c_w.l(libshutdown.o)
    0x08000210   0x00000000   Code   RO         1680    .ARM.Collect$$libshutdown$$00000003  c_w.l(libshutdown2.o)
    0x08000210   0x00000000   Code   RO         1683    .ARM.Collect$$libshutdown$$00000006  c_w.l(libshutdown2.o)
    0x08000210   0x00000000   Code   RO         1686    .ARM.Collect$$libshutdown$$00000009  c_w.l(libshutdown2.o)
    0x08000210   0x00000000   Code   RO         1688    .ARM.Collect$$libshutdown$$0000000B  c_w.l(libshutdown2.o)
    0x08000210   0x00000000   Code   RO         1691    .ARM.Collect$$libshutdown$$0000000E  c_w.l(libshutdown2.o)
    0x08000210   0x00000002   Code   RO         1692    .ARM.Collect$$libshutdown$$0000000F  c_w.l(libshutdown2.o)
    0x08000212   0x00000000   Code   RO         1366    .ARM.Collect$$rtentry$$00000000  c_w.l(__rtentry.o)
    0x08000212   0x00000000   Code   RO         1480    .ARM.Collect$$rtentry$$00000002  c_w.l(__rtentry2.o)
    0x08000212   0x00000006   Code   RO         1492    .ARM.Collect$$rtentry$$00000004  c_w.l(__rtentry4.o)
    0x08000218   0x00000000   Code   RO         1482    .ARM.Collect$$rtentry$$00000009  c_w.l(__rtentry2.o)
    0x08000218   0x00000004   Code   RO         1483    .ARM.Collect$$rtentry$$0000000A  c_w.l(__rtentry2.o)
    0x0800021c   0x00000000   Code   RO         1485    .ARM.Collect$$rtentry$$0000000C  c_w.l(__rtentry2.o)
    0x0800021c   0x00000008   Code   RO         1486    .ARM.Collect$$rtentry$$0000000D  c_w.l(__rtentry2.o)
    0x08000224   0x00000002   Code   RO         1593    .ARM.Collect$$rtexit$$00000000  c_w.l(rtexit.o)
    0x08000226   0x00000000   Code   RO         1627    .ARM.Collect$$rtexit$$00000002  c_w.l(rtexit2.o)
    0x08000226   0x00000004   Code   RO         1628    .ARM.Collect$$rtexit$$00000003  c_w.l(rtexit2.o)
    0x0800022a   0x00000006   Code   RO         1629    .ARM.Collect$$rtexit$$00000004  c_w.l(rtexit2.o)
    0x08000230   0x00000040   Code   RO         1164    .text               startup_stm32f10x_hd.o
    0x08000270   0x00000002   Code   RO         1204    .text               c_w.l(use_no_semi_2.o)
    0x08000272   0x00000002   PAD
    0x08000274   0x00000018   Code   RO         1210    .text               c_w.l(noretval__2printf.o)
    0x0800028c   0x00000138   Code   RO         1251    .text               c_w.l(__printf_flags_wp.o)
    0x080003c4   0x0000004e   Code   RO         1272    .text               c_w.l(rt_memclr_w.o)
    0x08000412   0x00000006   Code   RO         1274    .text               c_w.l(heapauxi.o)
    0x08000418   0x00000002   Code   RO         1364    .text               c_w.l(use_no_semi.o)
    0x0800041a   0x00000016   Code   RO         1369    .text               c_w.l(_rserrno.o)
    0x08000430   0x0000041a   Code   RO         1373    .text               c_w.l(_printf_fp_dec.o)
    0x0800084a   0x00000002   PAD
    0x0800084c   0x00000024   Code   RO         1375    .text               c_w.l(_printf_char_file.o)
    0x08000870   0x000000a0   Code   RO         1378    .text               c_w.l(strtod.o)
    0x08000910   0x00000008   Code   RO         1501    .text               c_w.l(rt_locale_intlibspace.o)
    0x08000918   0x00000008   Code   RO         1506    .text               c_w.l(rt_errno_addr_intlibspace.o)
    0x08000920   0x0000008a   Code   RO         1508    .text               c_w.l(lludiv10.o)
    0x080009aa   0x00000012   Code   RO         1510    .text               c_w.l(isspace.o)
    0x080009bc   0x00000030   Code   RO         1512    .text               c_w.l(_printf_char_common.o)
    0x080009ec   0x00000080   Code   RO         1514    .text               c_w.l(_printf_fp_infnan.o)
    0x08000a6c   0x00000040   Code   RO         1516    .text               c_w.l(_sgetc.o)
    0x08000aac   0x000000dc   Code   RO         1518    .text               c_w.l(bigflt0.o)
    0x08000b88   0x00000008   Code   RO         1543    .text               c_w.l(ferror.o)
    0x08000b90   0x00000008   Code   RO         1562    .text               c_w.l(libspace.o)
    0x08000b98   0x0000004a   Code   RO         1565    .text               c_w.l(sys_stackheap_outer.o)
    0x08000be2   0x00000002   PAD
    0x08000be4   0x00000010   Code   RO         1567    .text               c_w.l(rt_ctype_table.o)
    0x08000bf4   0x000004a4   Code   RO         1573    .text               c_w.l(scanf_fp.o)
    0x08001098   0x0000000c   Code   RO         1575    .text               c_w.l(exit.o)
    0x080010a4   0x00000080   Code   RO         1577    .text               c_w.l(strcmpv7m.o)
    0x08001124   0x00000318   Code   RO         1635    .text               c_w.l(scanf_hexfp.o)
    0x0800143c   0x00000134   Code   RO         1637    .text               c_w.l(scanf_infnan.o)
    0x08001570   0x00000026   Code   RO         1651    .text               c_w.l(llshl.o)
    0x08001596   0x0000001c   Code   RO         1653    .text               c_w.l(_chval.o)
    0x080015b2   0x0000003e   Code   RO         1521    CL$$btod_d2e        c_w.l(btod.o)
    0x080015f0   0x00000046   Code   RO         1523    CL$$btod_d2e_denorm_low  c_w.l(btod.o)
    0x08001636   0x00000060   Code   RO         1522    CL$$btod_d2e_norm_op1  c_w.l(btod.o)
    0x08001696   0x00000338   Code   RO         1531    CL$$btod_div_common  c_w.l(btod.o)
    0x080019ce   0x00000002   PAD
    0x080019d0   0x00000054   Code   RO         1529    CL$$btod_e2d        c_w.l(btod.o)
    0x08001a24   0x000000c6   Code   RO         1528    CL$$btod_e2e        c_w.l(btod.o)
    0x08001aea   0x00000028   Code   RO         1525    CL$$btod_ediv       c_w.l(btod.o)
    0x08001b12   0x00000028   Code   RO         1527    CL$$btod_edivd      c_w.l(btod.o)
    0x08001b3a   0x00000028   Code   RO         1524    CL$$btod_emul       c_w.l(btod.o)
    0x08001b62   0x00000028   Code   RO         1526    CL$$btod_emuld      c_w.l(btod.o)
    0x08001b8a   0x00000244   Code   RO         1530    CL$$btod_mult_common  c_w.l(btod.o)
    0x08001dce   0x00000002   PAD
    0x08001dd0   0x00000038   Code   RO         1149    i.Buzzer_Init       buzzer.o
    0x08001e08   0x00000038   Code   RO          229    i.Car_Init          car.o
    0x08001e40   0x00000038   Code   RO         1022    i.Echo_Init         echo.o
    0x08001e78   0x00000028   Code   RO          234    i.GO_Back           car.o
    0x08001ea0   0x00000028   Code   RO          235    i.GO_Left           car.o
    0x08001ec8   0x00000028   Code   RO          236    i.GO_Right          car.o
    0x08001ef0   0x00000028   Code   RO          237    i.GO_Sharp          car.o
    0x08001f18   0x00000024   Code   RO          238    i.GO_Stop           car.o
    0x08001f3c   0x00000030   Code   RO           53    i.JTAG_Set          sys.o
    0x08001f6c   0x00000144   Code   RO         1001    i.LED_Init          88led.o
    0x080020b0   0x00000080   Code   RO         1002    i.Led_Light         88led.o
    0x08002130   0x00000068   Code   RO           54    i.MYRCC_DeInit      sys.o
    0x08002198   0x00000078   Code   RO           55    i.MY_NVIC_Init      sys.o
    0x08002210   0x00000028   Code   RO           56    i.MY_NVIC_PriorityGroupConfig  sys.o
    0x08002238   0x00000014   Code   RO           57    i.MY_NVIC_SetVectorTable  sys.o
    0x0800224c   0x000000c8   Code   RO         1077    i.Remote_Init       remote.o
    0x08002314   0x00000008   Code   RO         1168    i.SetSysClock       system_stm32f10x.o
    0x0800231c   0x000000e0   Code   RO         1169    i.SetSysClockTo72   system_stm32f10x.o
    0x080023fc   0x00000090   Code   RO           58    i.Stm32_Clock_Init  sys.o
    0x0800248c   0x00000060   Code   RO         1171    i.SystemInit        system_stm32f10x.o
    0x080024ec   0x000000b0   Code   RO         1023    i.TIM2_IRQHandler   echo.o
    0x0800259c   0x000000d4   Code   RO         1125    i.TIM3_IRQHandler   timer.o
    0x08002670   0x00000050   Code   RO         1126    i.TIM3_Int_Init     timer.o
    0x080026c0   0x00000198   Code   RO         1079    i.TIM5_IRQHandler   remote.o
    0x08002858   0x00000038   Code   RO          958    i.TIM6_IRQHandler   hc06.o
    0x08002890   0x00000044   Code   RO          959    i.TIM6_Init         hc06.o
    0x080028d4   0x00000074   Code   RO         1107    i.Tb6612_Init       tb6612.o
    0x08002948   0x0000008c   Code   RO         1024    i.Tim2_Cap_Init     echo.o
    0x080029d4   0x00000094   Code   RO         1108    i.Tim4_Pwm_Init     tb6612.o
    0x08002a68   0x00000084   Code   RO          132    i.USART1_IRQHandler  usart.o
    0x08002aec   0x00000060   Code   RO          960    i.USART2_IRQHandler  hc06.o
    0x08002b4c   0x000000bc   Code   RO          961    i.USART2_Init       hc06.o
    0x08002c08   0x00000028   Code   RO         1466    i.__ARM_fpclassify  m_ws.l(fpclassify.o)
    0x08002c30   0x0000000e   Code   RO         1456    i.__mathlib_dbl_overflow  m_ws.l(dunder.o)
    0x08002c3e   0x00000002   PAD
    0x08002c40   0x00000010   Code   RO         1458    i.__mathlib_dbl_underflow  m_ws.l(dunder.o)
    0x08002c50   0x00000010   Code   RO         1619    i.__mathlib_narrow  m_ws.l(narrow.o)
    0x08002c60   0x00000088   Code   RO         1620    i.__mathlib_tofloat  m_ws.l(narrow.o)
    0x08002ce8   0x00000016   Code   RO         1663    i.__support_ldexp   m_ws.l(ldexp.o)
    0x08002cfe   0x0000000e   Code   RO         1249    i._is_digit         c_w.l(__printf_wp.o)
    0x08002d0c   0x00000006   Code   RO          133    i._sys_exit         usart.o
    0x08002d12   0x0000002a   Code   RO         1361    i.atof              m_ws.l(atof.o)
    0x08002d3c   0x00000040   Code   RO            1    i.delay_init        delay.o
    0x08002d7c   0x0000001c   Code   RO          134    i.fputc             usart.o
    0x08002d98   0x00000058   Code   RO         1648    i.frexp             m_ws.l(frexp.o)
    0x08002df0   0x00000074   Code   RO         1664    i.ldexp             m_ws.l(ldexp.o)
    0x08002e64   0x0000021c   Code   RO          173    i.main              test.o
    0x08003080   0x000000dc   Code   RO          135    i.uart_init         usart.o
    0x0800315c   0x0000002c   Code   RO         1548    locale$$code        c_w.l(lc_numeric_c.o)
    0x08003188   0x0000002c   Code   RO         1598    locale$$code        c_w.l(lc_ctype_c.o)
    0x080031b4   0x00000062   Code   RO         1278    x$fpl$d2f           fz_ws.l(d2f.o)
    0x08003216   0x00000002   PAD
    0x08003218   0x00000010   Code   RO         1552    x$fpl$dcheck1       fz_ws.l(dcheck1.o)
    0x08003228   0x00000018   Code   RO         1427    x$fpl$dcmpinf       fz_ws.l(dcmpi.o)
    0x08003240   0x00000078   Code   RO         1645    x$fpl$deqf          fz_ws.l(deqf.o)
    0x080032b8   0x00000078   Code   RO         1300    x$fpl$dleqf         fz_ws.l(dleqf.o)
    0x08003330   0x0000009c   Code   RO         1429    x$fpl$dnaninf       fz_ws.l(dnaninf.o)
    0x080033cc   0x0000000c   Code   RO         1431    x$fpl$dretinf       fz_ws.l(dretinf.o)
    0x080033d8   0x0000006c   Code   RO         1304    x$fpl$drleqf        fz_ws.l(drleqf.o)
    0x08003444   0x00000056   Code   RO         1306    x$fpl$f2d           fz_ws.l(f2d.o)
    0x0800349a   0x00000002   PAD
    0x0800349c   0x000000c4   Code   RO         1308    x$fpl$fadd          fz_ws.l(faddsub_clz.o)
    0x08003560   0x00000018   Code   RO         1433    x$fpl$fcmpinf       fz_ws.l(fcmpi.o)
    0x08003578   0x00000184   Code   RO         1315    x$fpl$fdiv          fz_ws.l(fdiv.o)
    0x080036fc   0x0000003e   Code   RO         1324    x$fpl$ffixu         fz_ws.l(ffixu.o)
    0x0800373a   0x00000002   PAD
    0x0800373c   0x00000026   Code   RO         1328    x$fpl$ffltu         fz_ws.l(fflt_clz.o)
    0x08003762   0x00000002   PAD
    0x08003764   0x00000068   Code   RO         1334    x$fpl$fleqf         fz_ws.l(fleqf.o)
    0x080037cc   0x00000102   Code   RO         1336    x$fpl$fmul          fz_ws.l(fmul.o)
    0x080038ce   0x0000008c   Code   RO         1435    x$fpl$fnaninf       fz_ws.l(fnaninf.o)
    0x0800395a   0x0000000a   Code   RO         1437    x$fpl$fretinf       fz_ws.l(fretinf.o)
    0x08003964   0x00000062   Code   RO         1338    x$fpl$frleqf        fz_ws.l(frleqf.o)
    0x080039c6   0x00000014   Code   RO         1309    x$fpl$frsb          fz_ws.l(faddsub_clz.o)
    0x080039da   0x00000002   PAD
    0x080039dc   0x000000ea   Code   RO         1310    x$fpl$fsub          fz_ws.l(faddsub_clz.o)
    0x08003ac6   0x00000004   Code   RO         1340    x$fpl$printf1       fz_ws.l(printf1.o)
    0x08003aca   0x00000064   Code   RO         1589    x$fpl$retnan        fz_ws.l(retnan.o)
    0x08003b2e   0x0000005c   Code   RO         1439    x$fpl$scalbn        fz_ws.l(scalbn.o)
    0x08003b8a   0x00000004   Code   RO         1560    x$fpl$scanf1        fz_ws.l(scanf1.o)
    0x08003b8e   0x00000008   Code   RO         1611    x$fpl$scanf2        fz_ws.l(scanf2.o)
    0x08003b96   0x00000030   Code   RO         1617    x$fpl$trapveneer    fz_ws.l(trapv.o)
    0x08003bc6   0x00000000   Code   RO         1441    x$fpl$usenofp       fz_ws.l(usenofp.o)
    0x08003bc6   0x00000011   Data   RO         1252    .constdata          c_w.l(__printf_flags_wp.o)
    0x08003bd7   0x00000001   PAD
    0x08003bd8   0x00000094   Data   RO         1519    .constdata          c_w.l(bigflt0.o)
    0x08003c6c   0x00000020   Data   RO         1707    Region$$Table       anon$$obj.o
    0x08003c8c   0x00000008   Data   RO         1608    c$$dinf             fz_ws.l(fpconst.o)
    0x08003c94   0x0000001c   Data   RO         1547    locale$$data        c_w.l(lc_numeric_c.o)
    0x08003cb0   0x00000110   Data   RO         1597    locale$$data        c_w.l(lc_ctype_c.o)


    Execution Region RW_IRAM1 (Base: 0x20000000, Size: 0x000009b8, Max: 0x0000c000, ABSOLUTE, COMPRESSED[0x0000006c])

    Base Addr    Size         Type   Attr      Idx    E Section Name        Object

    0x20000000   0x00000004   Data   RW            4    .data               delay.o
    0x20000004   0x00000006   Data   RW          137    .data               usart.o
    0x2000000a   0x00000006   Data   RW          240    .data               car.o
    0x20000010   0x00000002   Data   RW          964    .data               hc06.o
    0x20000012   0x00000002   PAD
    0x20000014   0x000001a0   Data   RW         1003    .data               88led.o
    0x200001b4   0x00000004   Data   RW         1025    .data               echo.o
    0x200001b8   0x00000009   Data   RW         1080    .data               remote.o
    0x200001c1   0x00000001   Data   RW         1127    .data               timer.o
    0x200001c2   0x00000002   PAD
    0x200001c4   0x000000c8   Zero   RW          136    .bss                usart.o
    0x2000028c   0x000000c8   Zero   RW          963    .bss                hc06.o
    0x20000354   0x00000060   Zero   RW         1563    .bss                c_w.l(libspace.o)
    0x200003b4   0x00000004   PAD
    0x200003b8   0x00000200   Zero   RW         1162    HEAP                startup_stm32f10x_hd.o
    0x200005b8   0x00000400   Zero   RW         1161    STACK               startup_stm32f10x_hd.o


==============================================================================

Image component sizes


      Code (inc. data)   RO Data    RW Data    ZI Data      Debug   Object Name

       452         72          0        416          0       1726   88led.o
        56         14          0          0          0        442   buzzer.o
       252         60          0          6          0       3125   car.o
        64          8          0          4          0     208249   delay.o
       372         32          0          4          0       1814   echo.o
       408         62          0          2        200       2690   hc06.o
       608         40          0          9          0       1472   remote.o
        64         26        304          0       1536        816   startup_stm32f10x_hd.o
       476         54          0          0          0       3315   sys.o
       328         28          0          0          0       1989   system_stm32f10x.o
       264         36          0          0          0       1026   tb6612.o
       540         62          0          0          0       1480   test.o
       292         38          0          1          0       1118   timer.o
       386         36          0          6        200       4036   usart.o

    ----------------------------------------------------------------------
      4562        568        336        452       1936     233298   Object Totals
         0          0         32          0          0          0   (incl. Generated)
         0          0          0          4          0          0   (incl. Padding)

    ----------------------------------------------------------------------

      Code (inc. data)   RO Data    RW Data    ZI Data      Debug   Library Member Name

        90          0          0          0          0          0   __dczerorl2.o
         8          0          0          0          0         68   __main.o
       312          4         17          0          0         92   __printf_flags_wp.o
        14          0          0          0          0         68   __printf_wp.o
         0          0          0          0          0          0   __rtentry.o
        12          0          0          0          0          0   __rtentry2.o
         6          0          0          0          0          0   __rtentry4.o
        52          8          0          0          0          0   __scatter.o
        28          0          0          0          0          0   __scatter_zi.o
        28          0          0          0          0         68   _chval.o
        48          6          0          0          0         96   _printf_char_common.o
        36          4          0          0          0         80   _printf_char_file.o
         6          0          0          0          0          0   _printf_f.o
      1050          0          0          0          0        216   _printf_fp_dec.o
       128         16          0          0          0         84   _printf_fp_infnan.o
         0          0          0          0          0          0   _printf_percent.o
         4          0          0          0          0          0   _printf_percent_end.o
        22          0          0          0          0        100   _rserrno.o
        64          0          0          0          0         84   _sgetc.o
       220          4        148          0          0         96   bigflt0.o
      2074        132          0          0          0        940   btod.o
        12          0          0          0          0         72   exit.o
         8          0          0          0          0         68   ferror.o
         6          0          0          0          0        152   heapauxi.o
        18          0          0          0          0         76   isspace.o
        44         10        272          0          0         76   lc_ctype_c.o
        44         10         28          0          0         76   lc_numeric_c.o
         2          0          0          0          0          0   libinit.o
        30          0          0          0          0          0   libinit2.o
         2          0          0          0          0          0   libshutdown.o
         2          0          0          0          0          0   libshutdown2.o
         8          4          0          0         96         68   libspace.o
        38          0          0          0          0         68   llshl.o
       138          0          0          0          0         80   lludiv10.o
        24          4          0          0          0         84   noretval__2printf.o
        16          4          0          0          0         76   rt_ctype_table.o
         8          4          0          0          0         68   rt_errno_addr_intlibspace.o
         8          4          0          0          0         68   rt_locale_intlibspace.o
        78          0          0          0          0         80   rt_memclr_w.o
         2          0          0          0          0          0   rtexit.o
        10          0          0          0          0          0   rtexit2.o
      1188         12          0          0          0        148   scanf_fp.o
       792         14          0          0          0        100   scanf_hexfp.o
       308         16          0          0          0        100   scanf_infnan.o
       128          0          0          0          0         68   strcmpv7m.o
       160         12          0          0          0        120   strtod.o
        74          0          0          0          0         80   sys_stackheap_outer.o
         2          0          0          0          0         68   use_no_semi.o
         2          0          0          0          0         68   use_no_semi_2.o
        98          4          0          0          0         92   d2f.o
        16          4          0          0          0         68   dcheck1.o
        24          0          0          0          0         68   dcmpi.o
       120          4          0          0          0         92   deqf.o
       120          4          0          0          0         92   dleqf.o
       156          4          0          0          0         92   dnaninf.o
        12          0          0          0          0         68   dretinf.o
       108          0          0          0          0         80   drleqf.o
        86          4          0          0          0         84   f2d.o
       450          8          0          0          0        236   faddsub_clz.o
        24          0          0          0          0         68   fcmpi.o
       388         76          0          0          0         96   fdiv.o
        62          4          0          0          0         84   ffixu.o
        38          0          0          0          0         68   fflt_clz.o
       104          4          0          0          0         84   fleqf.o
       258          4          0          0          0         84   fmul.o
       140          4          0          0          0         84   fnaninf.o
         0          0          8          0          0          0   fpconst.o
        10          0          0          0          0         68   fretinf.o
        98          0          0          0          0         68   frleqf.o
         4          0          0          0          0         68   printf1.o
       100          0          0          0          0         68   retnan.o
        92          0          0          0          0         68   scalbn.o
         4          0          0          0          0         68   scanf1.o
         8          0          0          0          0         84   scanf2.o
        48          0          0          0          0         68   trapv.o
         0          0          0          0          0          0   usenofp.o
        42          0          0          0          0         84   atof.o
        30          6          0          0          0        136   dunder.o
        40          0          0          0          0         68   fpclassify.o
        88          8          0          0          0         76   frexp.o
       138          0          0          0          0        160   ldexp.o
       152          4          0          0          0        168   narrow.o

    ----------------------------------------------------------------------
     10436        412        474          0        100       6648   Library Totals
        24          2          1          0          4          0   (incl. Padding)

    ----------------------------------------------------------------------

      Code (inc. data)   RO Data    RW Data    ZI Data      Debug   Library Name

      7354        268        465          0         96       3856   c_w.l
      2568        124          8          0          0       2100   fz_ws.l
       490         18          0          0          0        692   m_ws.l

    ----------------------------------------------------------------------
     10436        412        474          0        100       6648   Library Totals

    ----------------------------------------------------------------------

==============================================================================


      Code (inc. data)   RO Data    RW Data    ZI Data      Debug   

     14998        980        810        452       2036     234170   Grand Totals
     14998        980        810        108       2036     234170   ELF Image Totals (compressed)
     14998        980        810        108          0          0   ROM Totals

==============================================================================

    Total RO  Size (Code + RO Data)                15808 (  15.44kB)
    Total RW  Size (RW Data + ZI Data)              2488 (   2.43kB)
    Total ROM Size (Code + RO Data + RW Data)      15916 (  15.54kB)

==============================================================================

