<html>
<body>
<pre>
<h1>礦ision Build Log</h1>
<h2>Tool Versions:</h2>
IDE-Version: μVision V5.14.0.0
Copyright (C) 2015 ARM Ltd and ARM Germany GmbH. All rights reserved.
License Information: sadas Piller4F, asdasd, LIC=V859U-S11LV-RE8H3-AX91K-IFF8N-YWIAT
 
Tool Versions:
Toolchain:       MDK-ARM Professional  Version: 5.14.0.0
Toolchain Path:  D:\MDK5\ARM\ARMCC\Bin
C Compiler:      Armcc.exe V5.05 update 1 (build 106)
Assembler:       Armasm.exe V5.05 update 1 (build 106)
Linker/Locator:  ArmLink.exe V5.05 update 1 (build 106)
Library Manager: ArmAr.exe V5.05 update 1 (build 106)
Hex Converter:   FromElf.exe V5.05 update 1 (build 106)
CPU DLL:         SARMCM3.DLL V5.14.0.0
Dialog DLL:      DCM.DLL V1.13.1.0
Target DLL:      UL2CM3.DLL V1.155.0.0
Dialog DLL:      TCM.DLL V1.14.4.0
 
<h2>Project:</h2>
D:\Desktop\基于手势识别的智能小车\代码\SLAVER\USER\test.uvprojx
Project File Date:  12/04/2020

<h2>Output:</h2>
Rebuild target 'Target 1'
compiling delay.c...
compiling sys.c...
compiling usart.c...
compiling test.c...
test.c(17): warning:  #177-D: variable "pre_pitch" was declared but never referenced
        float pre_pitch=0,pre_roll=0,pre_yaw=0;
test.c(17): warning:  #177-D: variable "pre_roll" was declared but never referenced
        float pre_pitch=0,pre_roll=0,pre_yaw=0;
test.c(17): warning:  #177-D: variable "pre_yaw" was declared but never referenced
        float pre_pitch=0,pre_roll=0,pre_yaw=0;
test.c: 3 warnings, 0 errors
compiling car.c...
compiling iic.c...
compiling mpu6050.c...
compiling inv_mpu.c...
compiling inv_mpu_dmp_motion_driver.c...
compiling hc06.c...
compiling 88led.c...
compiling echo.c...
compiling hongwai.c...
compiling pid.c...
compiling remote.c...
compiling tb6612.c...
compiling timer.c...
compiling buzzer.c...
assembling startup_stm32f10x_hd.s...
compiling system_stm32f10x.c...
linking...
Program Size: Code=14998 RO-data=810 RW-data=452 ZI-data=2036  
FromELF: creating hex file...
"..\OBJ\test.cpp" - 0 Error(s), 3 Warning(s).

<h2>Software Packages used:</h2>

Package Vendor: ARM
                http://www.keil.com/pack/ARM.CMSIS.4.2.0.pack
                ARM::CMSIS:CORE:3.40.0
                CMSIS (Cortex Microcontroller Software Interface Standard)
   * Component: CORE Version: 3.40.0

Package Vendor: Keil
                http://www.keil.com/pack/Keil.STM32F1xx_DFP.1.0.5.pack
                Keil::Device:Startup:1.0.0
                STMicroelectronics STM32F1 Series Device Support, Drivers and Examples
   * Component: Startup Version: 1.0.0

<h2>Collection of Component include folders:</h2>
  D:\Desktop\基于手势识别的智能小车\代码\SLAVER\USER\RTE
  D:\Desktop\基于手势识别的智能小车\代码\SLAVER\USER\RTE\Device\STM32F103RC
  D:\MDK5\ARM\PACK\ARM\CMSIS\4.2.0\CMSIS\Include
  D:\MDK5\ARM\PACK\Keil\STM32F1xx_DFP\1.0.5\Device\Include

<h2>Collection of Component Files used:</h2>

   * Component: ARM::CMSIS:CORE:3.40.0
      Source file:   CMSIS\UserCodeTemplates\ARM\ITM_Retarget.c

   * Component: Keil::Device:Startup:1.0.0
      Source file:   Device\Source\ARM\STM32F1xx_OPT.s
      Source file:   Device\Source\system_stm32f10x.c
      Source file:   Device\Source\ARM\startup_stm32f10x_hd.s
      Include file:  RTE_Driver\Config\RTE_Device.h
</pre>
</body>
</html>
